BL51 BANKED LINKER/LOCATER V6.22                                                        07/27/2017  10:48:53  PAGE 1


BL51 BANKED LINKER/LOCATER V6.22, INVOKED BY:
BL51.EXE MAIN.OBJ TO .\RELEASE.OMF


MEMORY MODEL: SMALL


INPUT MODULES INCLUDED:
  MAIN.OBJ (MAIN)
  ..\..\..\..\..\..\..\KEIL\C51\LIB\C51S.LIB (?C_STARTUP)


LINK MAP OF MODULE:  .\RELEASE.OMF (MAIN)


            TYPE    BASE      LENGTH    RELOCATION   SEGMENT NAME
            -----------------------------------------------------

            * * * * * * *   D A T A   M E M O R Y   * * * * * * *
            REG     0000H     0008H     ABSOLUTE     "REG BANK 0"
            IDATA   0008H     0001H     UNIT         ?STACK

            * * * * * * *   C O D E   M E M O R Y   * * * * * * *
            CODE    0000H     0003H     ABSOLUTE     
            CODE    0003H     002CH     INBLOCK      ?PR?MAIN?MAIN
            CODE    002FH     001DH     INBLOCK      ?PR?_DELAY1MS?MAIN
            CODE    004CH     000CH     UNIT         ?C_C51STARTUP



OVERLAY MAP OF MODULE:   .\RELEASE.OMF (MAIN)


SEGMENT
  +--> CALLED SEGMENT
---------------------
?C_C51STARTUP
  +--> ?PR?MAIN?MAIN

?PR?MAIN?MAIN
  +--> ?PR?_DELAY1MS?MAIN

Program Size: data=9.0 xdata=0 code=88
LINK/LOCATE RUN COMPLETE.  0 WARNING(S),  0 ERROR(S)
