BL51 BANKED LINKER/LOCATER V6.22                                                        07/28/2017  11:31:25  PAGE 1


BL51 BANKED LINKER/LOCATER V6.22, INVOKED BY:
BL51.EXE MAIN.OBJ TO DEBUG.OMF


MEMORY MODEL: SMALL


INPUT MODULES INCLUDED:
  MAIN.OBJ (MAIN)
  ..\..\..\..\..\..\..\KEIL\C51\LIB\C51S.LIB (?C_STARTUP)
  ..\..\..\..\..\..\..\KEIL\C51\LIB\C51S.LIB (?C_INIT)


LINK MAP OF MODULE:  DEBUG.OMF (MAIN)


            TYPE    BASE      LENGTH    RELOCATION   SEGMENT NAME
            -----------------------------------------------------

            * * * * * * *   D A T A   M E M O R Y   * * * * * * *
            REG     0000H     0008H     ABSOLUTE     "REG BANK 0"
            DATA    0008H     0003H     UNIT         ?DT?MAIN
            IDATA   000BH     0001H     UNIT         ?STACK

            * * * * * * *   C O D E   M E M O R Y   * * * * * * *
            CODE    0000H     0003H     ABSOLUTE     
                    0003H     0008H                  *** GAP ***
            CODE    000BH     0002H     ABSOLUTE     
            CODE    000DH     008CH     UNIT         ?C_C51STARTUP
            CODE    0099H     0033H     INBLOCK      ?PR?MAIN?MAIN
            CODE    00CCH     002DH     INBLOCK      ?PR?TIME0_INT?MAIN
            CODE    00F9H     0019H     INBLOCK      ?PR?_DELAYMS?MAIN
            CODE    0112H     0014H     UNIT         ?CO?MAIN
            CODE    0126H     0010H     INBLOCK      ?PR?TIME0_INIT?MAIN
            CODE    0136H     000AH     UNIT         ?C_INITSEG



OVERLAY MAP OF MODULE:   DEBUG.OMF (MAIN)


SEGMENT
  +--> CALLED SEGMENT
---------------------
?C_C51STARTUP
  +--> ?PR?MAIN?MAIN
  +--> ?C_INITSEG

?PR?MAIN?MAIN
  +--> ?PR?TIME0_INIT?MAIN
  +--> ?CO?MAIN
  +--> ?PR?_DELAYMS?MAIN



SYMBOL TABLE OF MODULE:  DEBUG.OMF (MAIN)

  VALUE           TYPE          NAME
BL51 BANKED LINKER/LOCATER V6.22                                                      07/28/2017  11:31:25  PAGE 2


  ----------------------------------

  -------         MODULE        MAIN
  C:0000H         SYMBOL        _ICE_DUMMY_
  D:0080H         PUBLIC        P0
  D:00A0H         PUBLIC        P2
  B:00A8H.7       PUBLIC        EA
  C:011CH         PUBLIC        tableYA
  C:0099H         PUBLIC        main
  D:0009H         PUBLIC        count
  C:0112H         PUBLIC        tableYI
  D:0089H         PUBLIC        TMOD
  C:0126H         PUBLIC        Time0_Init
  B:00A8H.1       PUBLIC        ET0
  D:008CH         PUBLIC        TH0
  C:00CCH         PUBLIC        Time0_Int
  D:008AH         PUBLIC        TL0
  B:0088H.4       PUBLIC        TR0
  D:000AH         PUBLIC        count1
  C:00F9H         PUBLIC        _delayms
  -------         PROC          TIME0_INIT
  C:0126H         LINE#         19
  C:0126H         LINE#         20
  C:0126H         LINE#         21
  C:0129H         LINE#         22
  C:012CH         LINE#         23
  C:012FH         LINE#         24
  C:0131H         LINE#         25
  C:0133H         LINE#         26
  C:0135H         LINE#         27
  -------         ENDPROC       TIME0_INIT
  -------         PROC          _DELAYMS
  D:0006H         SYMBOL        j
  -------         DO            
  D:0005H         SYMBOL        i
  -------         ENDDO         
  C:00F9H         LINE#         29
  C:00F9H         LINE#         30
  C:00F9H         LINE#         32
  C:0102H         LINE#         33
  C:0102H         LINE#         34
  C:0104H         LINE#         35
  C:0106H         LINE#         36
  C:0108H         LINE#         37
  C:010AH         LINE#         38
  C:0111H         LINE#         39
  -------         ENDPROC       _DELAYMS
  -------         PROC          MAIN
  C:0099H         LINE#         41
  C:0099H         LINE#         42
  C:0099H         LINE#         43
  C:009BH         LINE#         44
  C:009BH         LINE#         45
  C:009BH         LINE#         46
  C:00A7H         LINE#         47
  C:00AAH         LINE#         48
  C:00B0H         LINE#         49
BL51 BANKED LINKER/LOCATER V6.22                                                      07/28/2017  11:31:25  PAGE 3


  C:00B3H         LINE#         50
  C:00BEH         LINE#         51
  C:00C1H         LINE#         52
  C:00C7H         LINE#         53
  C:00CAH         LINE#         54
  -------         ENDPROC       MAIN
  -------         PROC          TIME0_INT
  -------         DO            
  D:0008H         SYMBOL        a
  -------         ENDDO         
  C:00CCH         LINE#         57
  C:00D0H         LINE#         60
  C:00D3H         LINE#         61
  C:00D6H         LINE#         62
  C:00D9H         LINE#         63
  C:00D9H         LINE#         64
  C:00D9H         LINE#         65
  C:00DCH         LINE#         66
  C:00DEH         LINE#         67
  C:00E5H         LINE#         68
  C:00E5H         LINE#         69
  C:00E8H         LINE#         70
  C:00EAH         LINE#         71
  C:00F1H         LINE#         72
  C:00F4H         LINE#         74
  C:00F4H         LINE#         75
  C:00F4H         LINE#         76
  -------         ENDPROC       TIME0_INT
  -------         ENDMOD        MAIN

Program Size: data=12.0 xdata=0 code=312
LINK/LOCATE RUN COMPLETE.  0 WARNING(S),  0 ERROR(S)
