C51 COMPILER V9.60.7.0   16X16                                                             04/16/2026 19:01:09 PAGE 1   


C51 COMPILER V9.60.7.0, COMPILATION OF MODULE 16X16
OBJECT MODULE PLACED IN 16x16.OBJ
COMPILER INVOKED BY: E:\Software\Keil_v5\C51\BIN\C51.EXE 16x16.c OPTIMIZE(8,SPEED) BROWSE DEBUG OBJECTEXTEND PRINT(.\Lis
                    -tings\16x16.lst)

line level    source

   1          #include<reg52.h>
   2          
   3          /*
   4              16x16 点阵"好"字滚动显示
   5          
   6              按键分配（接地触发，内部上拉）：
   7                  S1  P3.1  启/停
   8                  S2  P3.2  左右切换（按一下换方向，同时切到水平模式）
   9                  S3  P3.3  加速
  10                  S4  P3.4  减速
  11                  S5  P3.6  上下切换（按一下换方向，同时切到垂直模式）
  12          
  13              注意：P3.5 是 T1 的外部时钟脚
  14          */
  15          
  16          
  17          /* ——————————— 74HC595 三根控制线 ——————————— */
  18          sbit shcp = P1^2;   // 移位时钟，每个上升沿吃进一位
  19          sbit stcp = P1^1;   // 锁存时钟，上升沿才把移位寄存器的值推到输出端
  20          sbit ds   = P1^0;   // 串行数据，要移哪位就在这里给高低电平
  21          
  22          
  23          /* ——————————— 五个按键 ——————————— */
  24          sbit s1 = P3^1;
  25          sbit s2 = P3^2;
  26          sbit s3 = P3^3;
  27          sbit s4 = P3^4;
  28          sbit s5 = P3^6;     // 不是 P3^5
  29          
  30          
  31          /* ——————————— 全局变量 ——————————— */
  32          unsigned char fx;           // 左右方向标志：0 向左，1 向右
  33          unsigned char fy;           // 上下方向标志：0 向上，1 向下
  34          unsigned char scroll_mode;  // 当前模式：0 水平，1 垂直
  35          unsigned char alt;          // 定时器里的计数器，凑够 speed 次才走一格
  36          unsigned int  net;          // 水平滚动时字模表的读取起点
  37          unsigned char vrow;         // 垂直滚动时"虚拟画布"的观察位置，0~47
  38          unsigned char speed = 5;    // 速度档，1 最快 12 最慢，数值越小越快
  39          unsigned char zi    = 1;    // 显示几个字（不算前后的空白帧）
  40          unsigned int  zong;         // 水平方向一共要走多少字节，main 里算好
  41          
  42          
  43          /*
  44              字模表 tab（向左滚用）
  45              结构：32 字节全 0（开场空白）+ 32 字节"好"的点阵 + 32 字节全 0（收场空白）
  46              每两个字节是一列的 16 行 LED 状态，bit15 对应最顶行，bit0 对应最底行
  47              net 从 0 往上走，每走 2 字节就相当于画面往左平移一列
  48          
  49              字模是从取模软件直接抄过来的，顺序别动
  50          */
  51          unsigned char code tab[]={
  52              // 开头留一个字符宽度的空白，让字能平滑滚进来
  53              0x00,0x00,0x00,0x00,0x00,0x00,0x00,0x00,
  54              0x00,0x00,0x00,0x00,0x00,0x00,0x00,0x00,
C51 COMPILER V9.60.7.0   16X16                                                             04/16/2026 19:01:09 PAGE 2   

  55              0x00,0x00,0x00,0x00,0x00,0x00,0x00,0x00,
  56              0x00,0x00,0x00,0x00,0x00,0x00,0x00,0x00,
  57          
  58              // "好" 字点阵，16 列 × 每列 2 字节
  59              0x08,0x02, 0x08,0x44, 0x0F,0xA8, 0xF8,0x10,
  60              0x08,0x68, 0x0F,0x86, 0x00,0x00, 0x01,0x00,
  61              0x41,0x02, 0x41,0x01, 0x47,0xFE, 0x49,0x00,
  62              0x51,0x00, 0x61,0x00, 0x01,0x00, 0x00,0x00, /*"好"*/
  63          
  64              // 结尾同样留空白，不然字会突然消失，不好看
  65              0x00,0x00,0x00,0x00,0x00,0x00,0x00,0x00,
  66              0x00,0x00,0x00,0x00,0x00,0x00,0x00,0x00,
  67              0x00,0x00,0x00,0x00,0x00,0x00,0x00,0x00,
  68              0x00,0x00,0x00,0x00,0x00,0x00,0x00,0x00,
  69          };
  70          
  71          /*
  72              字模表 tab1（向右滚用）
  73              只有一个字，正序和逆序点阵一样，
  74              向右的效果靠 ISR 里把 net 倒着减来实现，表本身不用改
  75          */
  76          unsigned char code tab1[]={
  77              0x00,0x00,0x00,0x00,0x00,0x00,0x00,0x00,
  78              0x00,0x00,0x00,0x00,0x00,0x00,0x00,0x00,
  79              0x00,0x00,0x00,0x00,0x00,0x00,0x00,0x00,
  80              0x00,0x00,0x00,0x00,0x00,0x00,0x00,0x00,
  81          
  82              0x08,0x02, 0x08,0x44, 0x0F,0xA8, 0xF8,0x10,
  83              0x08,0x68, 0x0F,0x86, 0x00,0x00, 0x01,0x00,
  84              0x41,0x02, 0x41,0x01, 0x47,0xFE, 0x49,0x00,
  85              0x51,0x00, 0x61,0x00, 0x01,0x00, 0x00,0x00, /*"好"*/
  86          
  87              0x00,0x00,0x00,0x00,0x00,0x00,0x00,0x00,
  88              0x00,0x00,0x00,0x00,0x00,0x00,0x00,0x00,
  89              0x00,0x00,0x00,0x00,0x00,0x00,0x00,0x00,
  90              0x00,0x00,0x00,0x00,0x00,0x00,0x00,0x00,
  91          };
  92          
  93          
  94          /*
  95              软件延时，z 大概对应 z 毫秒（11.0592MHz 晶振下）
  96              精度无所谓，主要给按键消抖和扫描间隔用
  97          */
  98          void delay(unsigned int z)
  99          {
 100   1          unsigned char x;
 101   1          for(; z > 0; z--)
 102   1              for(x = 110; x > 0; x--);
 103   1      }
 104          
 105          /*
 106              往 74HC595 送 16 位数据（两片级联）
 107              dat1 先送，dat2 后送，每次移位时钟给个上升沿
 108              全部移完再给锁存时钟，数据才会出现在输出引脚上
 109          
 110              注意：shcp 置 1 后要立刻清 0，不能只拉高不拉低，
 111              595 靠的是"上升沿"触发，高电平持续没用
 112          */
 113          
 114          void writedata(unsigned char dat1, unsigned char dat2)
 115          {
 116   1          unsigned char i;
C51 COMPILER V9.60.7.0   16X16                                                             04/16/2026 19:01:09 PAGE 3   

 117   1          for(i = 0; i < 8; i++) { dat1 <<= 1; ds = CY; shcp = 1; shcp = 0; }
 118   1          for(i = 0; i < 8; i++) { dat2 <<= 1; ds = CY; shcp = 1; shcp = 0; }
 119   1          stcp = 0; stcp = 1; stcp = 0;  // 锁存：低→高→低，产生上升沿
 120   1      }
 121          
 122          /*
 123              垂直滚动的核心，这里是整个程序最难理解的地方，多看几遍
 124          
 125              背景：
 126                  P2 选的是"列"，595 输出的是这一列里哪些"行"亮。
 127                  所以垂直滚动不能像水平那样挪偏移量，
 128                  得把每列本来的 16 位数据整体上移或下移若干位。
 129          
 130              模型：
 131                  想象一张高 48 行的虚拟纸条：
 132                      第  0~15 行：空白（字还没出现）
 133                      第 16~31 行：真正的"好"字
 134                      第 32~47 行：空白（字已经过去了）
 135                  vrow 是一扇 16 行高的"观察窗口"从纸条顶端往下数的位置。
 136                  vrow=0  → 窗口对着最上面的空白，屏幕全灭
 137                  vrow=16 → 窗口正好对着字，完整显示
 138                  vrow=32 → 窗口对着最下面的空白，屏幕又全灭
 139          
 140              计算：
 141                  窗口右移（vrow 变大）→ 字相对往上跑 → 视觉上字向上滚动
 142                  字在虚拟行 16~31，窗口顶端在 vrow：
 143                  ① vrow < 16：窗口上半在空白，下半开始看到字的顶部
 144                                字只露出底部 vrow 行 → 数据右移 (16-vrow) 位
 145                  ② vrow = 16：完整显示，直接用原始数据
 146                  ③ vrow > 16：字的顶部已经移出窗口，只剩底部
 147                                数据左移 (vrow-16) 位，高位自动补 0 就是空白
 148          */
 149          
 150          unsigned int compute_display(unsigned int char_val, unsigned char v)
 151          {
 152   1          if(v == 0 || v > 31) return 0;   // 窗口完全在空白区，直接返回全灭
 153   1      
 154   1          if(v <= 16)
 155   1              return char_val >> (16 - v); // 字从底部往上爬进来
 156   1          else
 157   1              return char_val << (v - 16); // 字从顶部往上飘出去
 158   1      }
 159          
 160          void main()
 161          {
 162   1          char i;
 163   1          int  aa;   // 水平扫描时跳过字模表用的小偏移，每列加 2，到 30 就归零
 164   1          unsigned int col_val, disp_val;
 165   1      
 166   1          // 定时器 0，16 位模式，12MHz 晶振，定时 10ms
 167   1          // 10ms 中断一次，攒够 speed 次再走一格，所以 speed 越小越快
 168   1          TMOD = 0x01;
 169   1          TH0  = (65536 - 10000) / 256;
 170   1          TL0  = (65536 - 10000) % 256;
 171   1          ET0  = 1;
 172   1          EA   = 1;
 173   1          TR0  = 1;
 174   1      
 175   1          zong = (unsigned int)(zi + 1) * 32;  // 1 个字 → 2 段 × 32 字节 = 64
 176   1      
 177   1          // 开机默认向左走，从头开始，垂直也从头
 178   1          scroll_mode = 0;
C51 COMPILER V9.60.7.0   16X16                                                             04/16/2026 19:01:09 PAGE 4   

 179   1          fx = 0;  fy = 0;
 180   1          net = 0; vrow = 0;
 181   1          aa  = 0;
 182   1      
 183   1          while(1)
 184   1          {
 185   2              // S1：一键启停，用取反定时器运行位来实现
 186   2              if(s1 == 0)
 187   2              {
 188   3                  delay(30);                          // 等按键稳定，去抖
 189   3                  if(s1 == 0) { TR0 = ~TR0; while(s1 == 0); }
 190   3              }
 191   2      
 192   2              // S2：切换左右，同时把模式拉回水平
 193   2              // fx 用异或翻转，比 if-else 少写几行
 194   2              if(s2 == 0)
 195   2              {
 196   3                  delay(30);
 197   3                  if(s2 == 0)
 198   3                  {
 199   4                      scroll_mode = 0;
 200   4                      fx ^= 1;
 201   4                      aa  = 0;
 202   4                      net = (fx == 0) ? 0 : zong;   // 向左从头，向右从尾
 203   4                      while(s2 == 0);
 204   4                  }
 205   3              }
 206   2      
 207   2              // S5：切换上下，同时把模式切到垂直
 208   2              // vrow 的起点也跟着方向走，不然切换时画面会闪
 209   2              if(s5 == 0)
 210   2              {
 211   3                  delay(30);
 212   3                  if(s5 == 0)
 213   3                  {
 214   4                      scroll_mode = 1;
 215   4                      fy ^= 1;
 216   4                      vrow = (fy == 0) ? 0 : 47;    // 向上从 0 开始，向下从 47 开始
 217   4                      while(s5 == 0);
 218   4                  }
 219   3              }
 220   2      
 221   2              // S3 加速 / S4 减速
 222   2              // speed 有上下限，别让它跑飞或者停死
 223   2              if(s3 == 0)
 224   2              {
 225   3                  delay(3);
 226   3                  if(s3 == 0) { if(speed > 1)  speed--; }
 227   3                  while(!s3);
 228   3              }
 229   2              if(s4 == 0)
 230   2              {
 231   3                  delay(3);
 232   3                  if(s4 == 0) { if(speed < 12) speed++; }
 233   3                  while(!s4);
 234   3              }
 235   2      
 236   2              // 主显示循环，P2 每次选一列，595 送这列的亮行数据
 237   2              // 每列点亮后要消隐（送全 0），不然切换到下一列时会有拖影
 238   2              if(scroll_mode == 0)
 239   2              {
 240   3                  // 水平模式：aa 从 0 跳到 30，配合 net 的偏移一起定位字模
C51 COMPILER V9.60.7.0   16X16                                                             04/16/2026 19:01:09 PAGE 5   

 241   3                  for(i = 0; i < 16; i++)
 242   3                  {
 243   4                      P2 = i;
 244   4                      if(fx == 0) writedata(tab [net + aa], tab [net + aa + 1]);
 245   4                      else        writedata(tab1[net + aa], tab1[net + aa + 1]);
 246   4                      delay(3);
 247   4                      writedata(0, 0);   // 消隐，防残影
 248   4                      aa += 2;
 249   4                      if(aa > 30) aa = 0;
 250   4                  }
 251   3              }
 252   2              else
 253   2              {
 254   3                  // 垂直模式：不靠偏移，靠位移
 255   3                  // 字符数据固定在 tab[32] 开始，按列取出来再交给 compute_display 算
 256   3                  for(i = 0; i < 16; i++)
 257   3                  {
 258   4                      // 第 i 列的原始点阵数据，两字节拼成 16 位
 259   4                      col_val  = (unsigned int)tab[32 + (unsigned char)(i * 2)]     << 8;
 260   4                      col_val |= (unsigned int)tab[32 + (unsigned char)(i * 2) + 1];
 261   4      
 262   4                      // 按当前 vrow 算出这列实际该送的数据
 263   4                      disp_val = compute_display(col_val, vrow);
 264   4      
 265   4                      P2 = i;
 266   4                      writedata((unsigned char)(disp_val >> 8), (unsigned char)(disp_val));
 267   4                      delay(3);
 268   4                      writedata(0, 0);
 269   4                  }
 270   3              }
 271   2          }
 272   1      }
 273          
 274          /*
 275              定时器 0 中断，每 10ms 进来一次
 276              不是每次都移动，要等 alt 攒够 speed 次才走一格，
 277              speed 越大等越久，看起来就越慢
 278          
 279              水平：net 每次动 2 字节（= 移动一列）
 280              垂直：vrow 每次动 1 行（= 移动一个像素行）
 281              两个方向的循环边界都是 zong 或 47，超出就绕回来
 282          */
 283          
 284          void timer0() interrupt 1
 285          {
 286   1          TH0 = (65536 - 10000) / 256;
 287   1          TL0 = (65536 - 10000) % 256;
 288   1      
 289   1          if(++alt < speed) return;   
 290   1          alt = 0;
 291   1      
 292   1          if(scroll_mode == 0)
 293   1          {
 294   2              if(fx == 0)
 295   2              {
 296   3                  net += 2;
 297   3                  if(net > zong) net = 0;
 298   3              }
 299   2              else
 300   2              {
 301   3                  if(net < 2) net = zong;
 302   3                  else        net -= 2;
C51 COMPILER V9.60.7.0   16X16                                                             04/16/2026 19:01:09 PAGE 6   

 303   3              }
 304   2          }
 305   1          else
 306   1          {
 307   2              if(fy == 0)
 308   2              {
 309   3                  vrow++;
 310   3                  if(vrow > 47) vrow = 0;    // 走完一圈回起点，无缝循环
 311   3              }
 312   2              else
 313   2              {
 314   3                  if(vrow == 0) vrow = 47;   // 同上，反向绕回
 315   3                  else          vrow--;
 316   3              }
 317   2          }
 318   1      }


MODULE INFORMATION:   STATIC OVERLAYABLE
   CODE SIZE        =    658    ----
   CONSTANT SIZE    =    192    ----
   XDATA SIZE       =   ----    ----
   PDATA SIZE       =   ----    ----
   DATA SIZE        =     11       6
   IDATA SIZE       =   ----    ----
   BIT SIZE         =   ----    ----
END OF MODULE INFORMATION.


C51 COMPILATION COMPLETE.  0 WARNING(S),  0 ERROR(S)
