BL51 BANKED LINKER/LOCATER V6.22                                                        07/27/2017  09:35:28  PAGE 1


BL51 BANKED LINKER/LOCATER V6.22, INVOKED BY:
BL51.EXE MAIN.OBJ TO DEBUG.OMF


MEMORY MODEL: SMALL


INPUT MODULES INCLUDED:
  MAIN.OBJ (MAIN)
  ..\..\..\..\..\..\..\KEIL\C51\LIB\C51S.LIB (?C_STARTUP)


LINK MAP OF MODULE:  DEBUG.OMF (MAIN)


            TYPE    BASE      LENGTH    RELOCATION   SEGMENT NAME
            -----------------------------------------------------

            * * * * * * *   D A T A   M E M O R Y   * * * * * * *
            REG     0000H     0008H     ABSOLUTE     "REG BANK 0"
            IDATA   0008H     0001H     UNIT         ?STACK

            * * * * * * *   C O D E   M E M O R Y   * * * * * * *
            CODE    0000H     0003H     ABSOLUTE     
            CODE    0003H     000CH     UNIT         ?C_C51STARTUP
            CODE    000FH     000BH     INBLOCK      ?PR?MAIN?MAIN



OVERLAY MAP OF MODULE:   DEBUG.OMF (MAIN)


SEGMENT
  +--> CALLED SEGMENT
---------------------
?C_C51STARTUP
  +--> ?PR?MAIN?MAIN



SYMBOL TABLE OF MODULE:  DEBUG.OMF (MAIN)

  VALUE           TYPE          NAME
  ----------------------------------

  -------         MODULE        MAIN
  C:0000H         SYMBOL        _ICE_DUMMY_
  D:00A0H         PUBLIC        P2
  B:00A0H.1       PUBLIC        button
  C:000FH         PUBLIC        main
  B:00A0H.0       PUBLIC        led
  -------         PROC          MAIN
  C:000FH         LINE#         19
  C:000FH         LINE#         20
  C:000FH         LINE#         23
  C:000FH         LINE#         24
  C:000FH         LINE#         25
  C:0012H         LINE#         26
BL51 BANKED LINKER/LOCATER V6.22                                                      07/27/2017  09:35:28  PAGE 2


  C:0016H         LINE#         28
  C:0018H         LINE#         29
  -------         ENDPROC       MAIN
  -------         ENDMOD        MAIN

Program Size: data=9.0 xdata=0 code=26
LINK/LOCATE RUN COMPLETE.  0 WARNING(S),  0 ERROR(S)
