BL51 BANKED LINKER/LOCATER V6.22                                                        07/13/2016  15:19:22  PAGE 1


BL51 BANKED LINKER/LOCATER V6.22, INVOKED BY:
BL51.EXE MAIN.OBJ TO .\RELEASE.OMF


MEMORY MODEL: SMALL


INPUT MODULES INCLUDED:
  MAIN.OBJ (MAIN)
  C:\KEIL\C51\LIB\C51S.LIB (?C_STARTUP)
  C:\KEIL\C51\LIB\C51S.LIB (?C?SIDIV)
  C:\KEIL\C51\LIB\C51S.LIB (?C_INIT)
  C:\KEIL\C51\LIB\C51S.LIB (?C?UIDIV)


LINK MAP OF MODULE:  .\RELEASE.OMF (MAIN)


            TYPE    BASE      LENGTH    RELOCATION   SEGMENT NAME
            -----------------------------------------------------

            * * * * * * *   D A T A   M E M O R Y   * * * * * * *
            REG     0000H     0008H     ABSOLUTE     "REG BANK 0"
            DATA    0008H     0003H     UNIT         ?DT?MAIN
            IDATA   000BH     0001H     UNIT         ?STACK

            * * * * * * *   C O D E   M E M O R Y   * * * * * * *
            CODE    0000H     0003H     ABSOLUTE     
            CODE    0003H     000BH     UNIT         ?CO?MAIN
            CODE    000EH     0008H     UNIT         ?C_INITSEG
                    0016H     0005H                  *** GAP ***
            CODE    001BH     0002H     ABSOLUTE     
            CODE    001DH     00B7H     INBLOCK      ?PR?MAIN?MAIN
            CODE    00D4H     008CH     UNIT         ?C_C51STARTUP
            CODE    0160H     008BH     UNIT         ?C?LIB_CODE
            CODE    01EBH     0051H     INBLOCK      ?PR?TIMER1_ISR?MAIN



OVERLAY MAP OF MODULE:   .\RELEASE.OMF (MAIN)


SEGMENT
  +--> CALLED SEGMENT
---------------------
?C_C51STARTUP
  +--> ?PR?MAIN?MAIN
  +--> ?C_INITSEG

?PR?MAIN?MAIN
  +--> ?CO?MAIN



SYMBOL TABLE OF MODULE:  .\RELEASE.OMF (MAIN)

  VALUE           TYPE          NAME
  ----------------------------------
BL51 BANKED LINKER/LOCATER V6.22                                                      07/13/2016  15:19:22  PAGE 2



  -------         MODULE        ?C?SIDIV
  C:0160H         PUBLIC        ?C?SIDIV
  -------         ENDMOD        ?C?SIDIV

  -------         MODULE        ?C?UIDIV
  C:0196H         PUBLIC        ?C?UIDIV
  -------         ENDMOD        ?C?UIDIV

Program Size: data=12.0 xdata=0 code=567
LINK/LOCATE RUN COMPLETE.  0 WARNING(S),  0 ERROR(S)
