BL51 BANKED LINKER/LOCATER V6.22                                                        11/24/2023  11:02:57  PAGE 1


BL51 BANKED LINKER/LOCATER V6.22, INVOKED BY:
C:\KEIL\C51\BIN\BL51.EXE pg4.obj TO pg4


INPUT MODULES INCLUDED:
  pg4.obj (PG4)


LINK MAP OF MODULE:  pg4 (PG4)


            TYPE    BASE      LENGTH    RELOCATION   SEGMENT NAME
            -----------------------------------------------------

            * * * * * * *   D A T A   M E M O R Y   * * * * * * *
            REG     0000H     0008H     ABSOLUTE     "REG BANK 0"

            * * * * * * *   C O D E   M E M O R Y   * * * * * * *
            CODE    0000H     0153H     ABSOLUTE     



SYMBOL TABLE OF MODULE:  pg4 (PG4)

  VALUE           TYPE          NAME
  ----------------------------------

  -------         MODULE        PG4
  D:00F0H         SYMBOL        B
  C:0140H         SYMBOL        DELAY
  C:0142H         SYMBOL        DL
  C:010FH         SYMBOL        DP
  C:0100H         SYMBOL        MAIN
  C:0109H         SYMBOL        ST
  C:0149H         SYMBOL        TABLE
  C:0000H         LINE#         2
  C:0100H         LINE#         5
  C:0103H         LINE#         6
  C:0106H         LINE#         7
  C:0109H         LINE#         9
  C:010BH         LINE#         10
  C:010DH         LINE#         11
  C:010FH         LINE#         14
  C:0112H         LINE#         15
  C:0113H         LINE#         16
  C:0114H         LINE#         17
  C:0115H         LINE#         18
  C:0116H         LINE#         19
  C:0117H         LINE#         20
  C:0118H         LINE#         21
  C:011BH         LINE#         22
  C:011CH         LINE#         23
  C:011FH         LINE#         24
  C:0120H         LINE#         25
  C:0123H         LINE#         26
  C:0124H         LINE#         27
  C:0126H         LINE#         29
  C:0129H         LINE#         30
BL51 BANKED LINKER/LOCATER V6.22                                                      11/24/2023  11:02:57  PAGE 2


  C:012AH         LINE#         31
  C:012BH         LINE#         32
  C:012CH         LINE#         33
  C:012DH         LINE#         34
  C:012EH         LINE#         35
  C:0130H         LINE#         36
  C:0133H         LINE#         37
  C:0134H         LINE#         38
  C:0137H         LINE#         39
  C:0138H         LINE#         40
  C:013AH         LINE#         42
  C:013BH         LINE#         43
  C:013DH         LINE#         44
  C:0140H         LINE#         47
  C:0142H         LINE#         49
  C:0144H         LINE#         50
  C:0146H         LINE#         51
  C:0148H         LINE#         52
  -------         ENDMOD        PG4

Program Size: data=8.0 xdata=0 code=339
LINK/LOCATE RUN COMPLETE.  0 WARNING(S),  0 ERROR(S)
