C51 COMPILER V9.00   MAIN                                                                  01/04/2018 17:00:24 PAGE 1   


C51 COMPILER V9.00, COMPILATION OF MODULE MAIN
OBJECT MODULE PLACED IN main.OBJ
COMPILER INVOKED BY: C:\Keil\C51\BIN\C51.exe ..\main.c ROM(SMALL) BROWSE DEBUG CODE OBJECTEXTEND PREPRINT OBJECT(main.OB
                    -J)

line level    source

   1          #include <reg51.h>
   2          #include <INTRINS.h>
   3          #define uchar unsigned char
   4          #define uint unsigned int
   5          
   6          sbit KEY1=P1^0;
   7          sbit KEY2=P1^1;
   8          sbit KEY3=P1^2;
   9          sbit KEY4=P1^3;
  10          sbit SUOC=P1^4;
  11          
  12          uchar code tableYI[10] = 
  13          {0x3f,0x06,0x5b,0x4f,0x66,0x6d,0x7d,0x07,0x7f,0x6f};//共阴
  14          uchar code tableYA[10] = 
  15          {0xc0,0xf9,0xa4,0xb0,0x99,0x92,0x83,0xf8,0x80,0x98};//共阳
  16          
  17          uchar count=15;
  18          uchar count1=0;
  19          /********************************************************************
  20          * 名称 : Time0_Init()
  21          * 功能 : 定时器的初始化，1ms  12M晶振 即初值加1只要1us。
  22          * 输入 : 无
  23          * 输出 : 无
  24          ***********************************************************************/
  25          void Time0_Init()
  26          {
  27   1              TMOD = 0x01;    //方式1，16位定时功能
  28   1              TH0  = 0x3c;    //初值  50ms定时
  29   1              TL0  = 0xb0;
  30   1              ET0 = 1;
  31   1              EA = 1;         
  32   1              TR0 = 1;                
  33   1      }
  34          /********************************************************************
  35          * 名称 : Outside_Init0()
  36          * 功能 : 外部中断0 的初始化
  37          * 输入 : 无
  38          * 输出 : 无
  39          ***********************************************************************/
  40          void Outside_Init0(void)
  41          {
  42   1              EX0 = 1;  //开外部中断0
  43   1      //      IT0 = 0;  //电平触发 
  44   1              IT0 = 1;  //边沿触发
  45   1              EA = 1;   //开总中断
  46   1      }
  47          ///////////////延时函数/////////////////////////
  48          void delayms(uint j)              //1ms延时
  49          {
  50   1         uchar i;
  51   1         for(;j>0;j--)
  52   1        {
  53   2            i=250;
  54   2            while(--i);
C51 COMPILER V9.00   MAIN                                                                  01/04/2018 17:00:24 PAGE 2   

  55   2            i=249;
  56   2            while(--i);
  57   2         }
  58   1      }
  59          //////////////主函数//////////////////////////
  60          void main(void)
  61           { 
  62   1         SUOC=1;
  63   1         Time0_Init();
  64   1         Outside_Init0();
  65   1         PX0=1;
  66   1         while (1)
  67   1            {
  68   2               P0=tableYA[count/10];
  69   2               P2=0X01;
  70   2               delayms(3);
  71   2               P2=0X00;
  72   2               P0=tableYA[count%10];
  73   2               P2=0X02;
  74   2               delayms(3);
  75   2               P2=0X00;
  76   2            } 
  77   1       }
  78            /////////////外部中断函数0///////////////////////////
  79           void Outside_Int0() interrupt 0
  80           {
  81   1          EA=0;
  82   1          SUOC=0;
  83   1          _nop_();_nop_();_nop_();_nop_();_nop_();_nop_();
  84   1          SUOC=1;
  85   1          if(KEY1==0)
  86   1             count=1;
  87   1             else if(KEY2==0)
  88   1                count=2;
  89   1                  else if(KEY3==0)
  90   1                     count=3;
  91   1                     else
  92   1                        count=4;
  93   1      
  94   1        }
  95           /////////////定时器中断函数0///////////////////////////
  96          void Time0_Int() interrupt 1
  97           {
  98   1          static uchar a=20;
  99   1           TH0  = 0x3c;       //初值  50ms定时
 100   1           TL0  = 0xb0;
 101   1          a--;
 102   1          if(a==0)
 103   1          {
 104   2             a=20;
 105   2            count--;
 106   2             if(count==0)
 107   2             {
 108   3                EA=0;      
 109   3             }
 110   2          }
 111   1        }
 112          
C51 COMPILER V9.00   MAIN                                                                  01/04/2018 17:00:24 PAGE 3   

ASSEMBLY LISTING OF GENERATED OBJECT CODE


             ; FUNCTION Time0_Init (BEGIN)
                                           ; SOURCE LINE # 25
                                           ; SOURCE LINE # 26
                                           ; SOURCE LINE # 27
0000 758901            MOV     TMOD,#01H
                                           ; SOURCE LINE # 28
0003 758C3C            MOV     TH0,#03CH
                                           ; SOURCE LINE # 29
0006 758AB0            MOV     TL0,#0B0H
                                           ; SOURCE LINE # 30
0009 D2A9              SETB    ET0
                                           ; SOURCE LINE # 31
000B D2AF              SETB    EA
                                           ; SOURCE LINE # 32
000D D28C              SETB    TR0
                                           ; SOURCE LINE # 33
000F 22                RET     
             ; FUNCTION Time0_Init (END)

             ; FUNCTION Outside_Init0 (BEGIN)
                                           ; SOURCE LINE # 40
                                           ; SOURCE LINE # 41
                                           ; SOURCE LINE # 42
0000 D2A8              SETB    EX0
                                           ; SOURCE LINE # 44
0002 D288              SETB    IT0
                                           ; SOURCE LINE # 45
0004 D2AF              SETB    EA
                                           ; SOURCE LINE # 46
0006 22                RET     
             ; FUNCTION Outside_Init0 (END)

             ; FUNCTION _delayms (BEGIN)
                                           ; SOURCE LINE # 48
;---- Variable 'j' assigned to Register 'R6/R7' ----
                                           ; SOURCE LINE # 49
                                           ; SOURCE LINE # 51
0000         ?C0003:
0000 D3                SETB    C
0001 EF                MOV     A,R7
0002 9400              SUBB    A,#00H
0004 EE                MOV     A,R6
0005 9400              SUBB    A,#00H
0007 400F              JC      ?C0010
                                           ; SOURCE LINE # 52
                                           ; SOURCE LINE # 53
;---- Variable 'i' assigned to Register 'R5' ----
0009 7DFA              MOV     R5,#0FAH
000B         ?C0006:
                                           ; SOURCE LINE # 54
000B DDFE              DJNZ    R5,?C0006
000D         ?C0007:
                                           ; SOURCE LINE # 55
000D 7DF9              MOV     R5,#0F9H
000F         ?C0008:
                                           ; SOURCE LINE # 56
000F DDFE              DJNZ    R5,?C0008
0011         ?C0009:
                                           ; SOURCE LINE # 57
C51 COMPILER V9.00   MAIN                                                                  01/04/2018 17:00:24 PAGE 4   

0011         ?C0005:
0011 EF                MOV     A,R7
0012 1F                DEC     R7
0013 70EB              JNZ     ?C0003
0015 1E                DEC     R6
0016         ?C0024:
0016 80E8              SJMP    ?C0003
                                           ; SOURCE LINE # 58
0018         ?C0010:
0018 22                RET     
             ; FUNCTION _delayms (END)

             ; FUNCTION main (BEGIN)
                                           ; SOURCE LINE # 60
                                           ; SOURCE LINE # 61
                                           ; SOURCE LINE # 62
0000 D294              SETB    SUOC
                                           ; SOURCE LINE # 63
0002 1100        R     ACALL   Time0_Init
                                           ; SOURCE LINE # 64
0004 1100        R     ACALL   Outside_Init0
                                           ; SOURCE LINE # 65
0006 D2B8              SETB    PX0
0008         ?C0011:
                                           ; SOURCE LINE # 66
                                           ; SOURCE LINE # 67
                                           ; SOURCE LINE # 68
0008 E500        R     MOV     A,count
000A 75F00A            MOV     B,#0AH
000D 84                DIV     AB
000E 900000      R     MOV     DPTR,#tableYA
0011 93                MOVC    A,@A+DPTR
0012 F580              MOV     P0,A
                                           ; SOURCE LINE # 69
0014 75A001            MOV     P2,#01H
                                           ; SOURCE LINE # 70
0017 7F03              MOV     R7,#03H
0019 7E00              MOV     R6,#00H
001B 1100        R     ACALL   _delayms
                                           ; SOURCE LINE # 71
001D E4                CLR     A
001E F5A0              MOV     P2,A
                                           ; SOURCE LINE # 72
0020 E500        R     MOV     A,count
0022 75F00A            MOV     B,#0AH
0025 84                DIV     AB
0026 E5F0              MOV     A,B
0028 93                MOVC    A,@A+DPTR
0029 F580              MOV     P0,A
                                           ; SOURCE LINE # 73
002B 75A002            MOV     P2,#02H
                                           ; SOURCE LINE # 74
002E 7F03              MOV     R7,#03H
0030 7E00              MOV     R6,#00H
0032 1100        R     ACALL   _delayms
                                           ; SOURCE LINE # 75
0034 E4                CLR     A
0035 F5A0              MOV     P2,A
                                           ; SOURCE LINE # 76
0037 80CF              SJMP    ?C0011
             ; FUNCTION main (END)

C51 COMPILER V9.00   MAIN                                                                  01/04/2018 17:00:24 PAGE 5   

             ; FUNCTION Outside_Int0 (BEGIN)
                                           ; SOURCE LINE # 79
                                           ; SOURCE LINE # 81
0000 C2AF              CLR     EA
                                           ; SOURCE LINE # 82
0002 C294              CLR     SUOC
                                           ; SOURCE LINE # 83
0004 00                NOP     
0005 00                NOP     
0006 00                NOP     
0007 00                NOP     
0008 00                NOP     
0009 00                NOP     
                                           ; SOURCE LINE # 84
000A D294              SETB    SUOC
                                           ; SOURCE LINE # 85
000C 209004            JB      KEY1,?C0014
                                           ; SOURCE LINE # 86
000F 750001      R     MOV     count,#01H
0012 32                RETI    
0013         ?C0014:
                                           ; SOURCE LINE # 87
0013 209104            JB      KEY2,?C0016
                                           ; SOURCE LINE # 88
0016 750002      R     MOV     count,#02H
0019 32                RETI    
001A         ?C0016:
                                           ; SOURCE LINE # 89
001A 209204            JB      KEY3,?C0018
                                           ; SOURCE LINE # 90
001D 750003      R     MOV     count,#03H
0020 32                RETI    
0021         ?C0018:
                                           ; SOURCE LINE # 92
0021 750004      R     MOV     count,#04H
                                           ; SOURCE LINE # 94
0024         ?C0020:
0024 32                RETI    
             ; FUNCTION Outside_Int0 (END)

             ; FUNCTION Time0_Int (BEGIN)
                                           ; SOURCE LINE # 96
                                           ; SOURCE LINE # 99
0000 758C3C            MOV     TH0,#03CH
                                           ; SOURCE LINE # 100
0003 758AB0            MOV     TL0,#0B0H
                                           ; SOURCE LINE # 101
0006 D50008      R     DJNZ    a,?C0023
                                           ; SOURCE LINE # 102
                                           ; SOURCE LINE # 103
                                           ; SOURCE LINE # 104
0009 750014      R     MOV     a,#014H
                                           ; SOURCE LINE # 105
000C D50002      R     DJNZ    count,?C0023
                                           ; SOURCE LINE # 106
                                           ; SOURCE LINE # 107
                                           ; SOURCE LINE # 108
000F C2AF              CLR     EA
                                           ; SOURCE LINE # 109
                                           ; SOURCE LINE # 110
                                           ; SOURCE LINE # 111
0011         ?C0023:
C51 COMPILER V9.00   MAIN                                                                  01/04/2018 17:00:24 PAGE 6   

0011 32                RETI    
             ; FUNCTION Time0_Int (END)



MODULE INFORMATION:   STATIC OVERLAYABLE
   CODE SIZE        =    160    ----
   CONSTANT SIZE    =     20    ----
   XDATA SIZE       =   ----    ----
   PDATA SIZE       =   ----    ----
   DATA SIZE        =      3    ----
   IDATA SIZE       =   ----    ----
   BIT SIZE         =   ----    ----
END OF MODULE INFORMATION.


C51 COMPILATION COMPLETE.  0 WARNING(S),  0 ERROR(S)
