C51 COMPILER V9.00   MAIN                                                                  12/15/2015 14:07:46 PAGE 1   


C51 COMPILER V9.00, COMPILATION OF MODULE MAIN
OBJECT MODULE PLACED IN main.OBJ
COMPILER INVOKED BY: C:\Keil\C51\BIN\C51.exe ..\main.c ROM(SMALL) OBJECT(main.OBJ)

line level    source

   1          /*******************************************************************************  
   2          文件名称： main.c 
   3          作 者：    
   4          版 本：    V1.00
   5          说 明：    24C02读写实验 
   6          修改记录：  
   7          -------------------------------------------------------------------------------- 
   8          * 功能描述:                                                                    
   9          *          程序每重新运行一次                                                  
  10          *          就向24C02的特定地址读出一字节数据，                                 
  11          *          然后把该字节数据显示出来，然后对该字节数据加一后，                  
  12          *          重新写入该地址
  13          *-------------------------------------------------------------------------------
  14          *接线说明：P10-SDA，P11-SCK，P00~P07——SA~SH，P20~P22——C0~C2                                                                
  15          *******************************************************************************/
  16          #include <reg52.h>
  17          #include <intrins.h>
  18          
  19          #define uchar unsigned char 
  20          #define uint unsigned int
  21          #define rom_add 0x0a      //定义特定地址读取
  22          #define P_COM P2                  //位控制输出接口
  23          #define P_SEG P0                  //段码控制输出接口
  24          
  25          /*******端口定义***************************************************************/
  26          sbit SCK=P1^1;
  27          sbit SDA=P1^0;
  28          
  29          unsigned char data dis_digit;
  30          unsigned char code dis_code[11]={0xc0,0xf9,0xa4,0xb0,   // 0, 1, 2, 3
  31                                                                           0x99,0x92,0x82,0xf8,0x80,0x90, 0xff};// 4, 5, 6, 7, 8, 9, off 
  32          unsigned char data dis_buf[3];    //定义显示位数 2位
  33          unsigned char data dis_cnt;
  34          
  35          uchar rom_dat=0; //写入数据初始化为0
  36          /********函数申明**************************************************************/
  37          void    start(void);            //开始信号
  38          void    stop(void);             //停止信号
  39          bit     rack(void);                     //接收应答信号
  40          void    ackn(void);             //发送无应答信号
  41          void    send_byte(uchar);       //发送一个字节
  42          uchar   rec_byte(void);         //接收一个字节
  43          void    write(void);            //写一组数据
  44          
  45          
  46          
  47          
  48          /********nms延时子程序*********************************************************/
  49          void Delay_Nms(uint n)
  50          {
  51   1              uint i,j;
  52   1              for(i=0;i<n;i++)
  53   1                      for(j=0;j<125;j++)
  54   1                              ;
  55   1      }
C51 COMPILER V9.00   MAIN                                                                  12/15/2015 14:07:46 PAGE 2   

  56          
  57          /********发送开始信号**********************************************************/
  58          void start(void)
  59          {
  60   1              SCK=1;
  61   1              SDA=1;
  62   1              _nop_();
  63   1              SDA=0;
  64   1              _nop_();
  65   1              SCK=0;
  66   1              _nop_();
  67   1      }
  68          
  69          /********发送停止信号*********************************************************/
  70          void stop(void)
  71          {
  72   1              SCK=0;
  73   1              SDA=0;
  74   1              _nop_();
  75   1              SCK=1;
  76   1              _nop_();
  77   1              SDA=1;
  78   1              _nop_();
  79   1      }
  80          
  81          /********接收一个应答位*******************************************************/
  82          bit rack(void)
  83          {
  84   1              bit flag;
  85   1              SCK=1;
  86   1              _nop_();
  87   1              flag=SDA;
  88   1              SCK=0;
  89   1              return(flag);
  90   1      }
  91          
  92          /********发送一个非接收接收应答位*********************************************/
  93          void ackn(void)
  94          {
  95   1              SDA=1;
  96   1              _nop_();
  97   1              SCK=1;
  98   1              _nop_();
  99   1              SCK=0;
 100   1              _nop_();
 101   1      }
 102          
 103          /********接收一个字节*********************************************************/
 104          uchar rec_byte(void)
 105          {
 106   1              uchar i,temp;
 107   1              for(i=0;i<8;i++)
 108   1              {
 109   2                      temp<<=1;
 110   2                      SCK=1;
 111   2                      _nop_();
 112   2                      temp|=SDA;
 113   2                      SCK=0;
 114   2                      _nop_();
 115   2              }
 116   1      return(temp);
 117   1      }
C51 COMPILER V9.00   MAIN                                                                  12/15/2015 14:07:46 PAGE 3   

 118          
 119          /********发送一个字节*********************************************************/
 120          void send_byte(uchar temp)
 121          {
 122   1              uchar i;
 123   1              SCK=0;
 124   1              for(i=0;i<8;i++)
 125   1              {
 126   2                      SDA=(bit)(temp&0x80);
 127   2                      SCK=1;
 128   2                      _nop_();
 129   2                      SCK=0;
 130   2                      temp<<=1;
 131   2              }
 132   1              SDA=1;
 133   1      }
 134          /********读函数**************************************************************/
 135          void read(void)
 136          {
 137   1              bit f;
 138   1              start();                        //开始信号
 139   1              send_byte(0xa0);        //发送读命令
 140   1              f=rack();                       //接收应答
 141   1              if(!f)
 142   1              {               
 143   2                      send_byte(rom_add);//设置要读取从器件的片内地址
 144   2                      f=rack();
 145   2                      if(!f)
 146   2                      {
 147   3                              start();                   //开始信号
 148   3                              send_byte(0xa1);        //发送读命令    
 149   3                              f=rack();
 150   3                              if(!f)
 151   3                              {
 152   4                                      rom_dat=rec_byte();//读出数据
 153   4                                      ackn();
 154   4                               }                      
 155   3                  }                                                   
 156   2              }
 157   1              stop();
 158   1      }
 159          /*******写函数***************************************************************/
 160          void write(void)
 161          {
 162   1              bit f;
 163   1              start();
 164   1              send_byte(0xa0);                         //发送读命令
 165   1              f=rack();
 166   1              if(!f)
 167   1              {
 168   2                      send_byte(rom_add);              //发送器件地址
 169   2                      f=rack();
 170   2                      if(!f)
 171   2                      {
 172   3                              send_byte(rom_dat);      //发送数据
 173   3                              f=rack();
 174   3                       }
 175   2              } 
 176   1              stop();
 177   1      }
 178          /********主函数***************************************************************/
 179          void main(void)
C51 COMPILER V9.00   MAIN                                                                  12/15/2015 14:07:46 PAGE 4   

 180          {
 181   1              P_COM = 0xff;  //点亮所有数码管
 182   1              P_SEG = 0x00;
 183   1              TMOD = 0x01;   //初始化定时器0
 184   1              TH0  = 0xFC;
 185   1              TL0  = 0x17;
 186   1              IE       = 0x82;   //开中断
 187   1              Delay_Nms(20);
 188   1              read();            //从EEPROM中读取数据
 189   1              dis_buf[0]=dis_code[rom_dat/100];       //数据暂存到数据缓冲器
 190   1              dis_buf[1]=dis_code[(rom_dat%100)/10];
 191   1              dis_buf[2]=dis_code[rom_dat%10];
 192   1              rom_dat+=1;        //计数器加1
 193   1              Delay_Nms(20);
 194   1              write();           //再次把数据写回到EEPROM中
 195   1              TR0 = 1;           //启动定时器定时
 196   1              while(1)
 197   1              {;}
 198   1      }
 199          /********定时器0中断处理函数**************************************************/
 200          void timer0() interrupt 1
 201          // 定时器0中断服务程序, 用于数码管的动态扫描
 202          // dis_cnt --- 扫描计数
 203          // dis_buf   --- 显于缓冲区基地址       
 204          {
 205   1              TH0 = 0xFA;
 206   1              TL0 = 0x17;
 207   1              P_COM = 0x00;                                                   // 先关闭所有数码管
 208   1      
 209   1              switch(dis_cnt)
 210   1              {
 211   2                      case    0:P_COM=0x01;P_SEG=dis_buf[0];dis_cnt++;break;
 212   2                      case    1:P_COM=0x02;P_SEG=dis_buf[1];dis_cnt++;break; 
 213   2                      case    2:P_COM=0x04;P_SEG=dis_buf[2];dis_cnt=0;break; //扫描最末位时 清零位扫描计数
 214   2                      default  :break;        
 215   2              }
 216   1      }
 217          
 218          
 219          
 220          
 221          
 222          
 223          
 224          
 225          
 226          
 227          
 228          
 229          


MODULE INFORMATION:   STATIC OVERLAYABLE
   CODE SIZE        =    340    ----
   CONSTANT SIZE    =     11    ----
   XDATA SIZE       =   ----    ----
   PDATA SIZE       =   ----    ----
   DATA SIZE        =      6    ----
   IDATA SIZE       =   ----    ----
   BIT SIZE         =   ----       3
END OF MODULE INFORMATION.


C51 COMPILATION COMPLETE.  0 WARNING(S),  0 ERROR(S)
