C51 COMPILER V9.00   MAIN                                                                  10/28/2015 17:00:35 PAGE 1   


C51 COMPILER V9.00, COMPILATION OF MODULE MAIN
OBJECT MODULE PLACED IN main.OBJ
COMPILER INVOKED BY: C:\Keil\C51\BIN\C51.exe ..\main.c ROM(SMALL) OBJECT(main.OBJ)

line level    source

   1          /************************************************************************ 
   2          文件名称: main.c 
   3          作者:    
   4          版本:    V1.01
   5          说明:    模数转换实验 
   6          修改记录: 由LED显示模数转换的结果，改变成由四位数码管显示电压值  
   7          -------------------------------------------------------------------------   
   8          * 功能描述: 采集电位器的模拟电压值，转换成数字量
   9          * 通过四位共阳数码管显示
  10          -------------------------------------------------------------------------
  11          * 接线说明:数码管段码P10~P17--SA~SH,数码管位选P20~P23--C0~C3
  12          *          ADC0809：0809DB0~DB7--P00~P07 , 0809CS--P27，0809EOC--P30
  13          *                   0809WR--P36,0809RD--P37,0809A,B,C通道选择--GND  
  14          *                   0809CLK--ALE(注：在核心板上),0809IN0--POT（电位器输出）                               
             -         
  15          *************************************************************************/
  16          #include<reg52.h>
  17          #include<absacc.h>
  18          
  19          #define uchar unsigned char
  20          #define uint unsigned int
  21          //char code SST516[3] _at_ 0x003b;
  22          
  23          unsigned char code segbit[]={0xc0,0xf9,0xa4,0xb0,       // 0, 1, 2, 3
  24                                                                           0x99,0x92,0x82,0xf8,0x80,0x90, 0xff};// 4, 5, 6, 7, 8, 9, off 
  25          unsigned char code combit[]={0xf1,0xf2,0xf4,0xf8};
  26          
  27          
  28          
  29          
  30          #define ADC0809 XBYTE[0x7fff]    /* 定义ADC0809 端口地址 */
  31          #define Smg_Seg P1
  32          #define Smg_Com P2
  33          sbit EOC=P3^0;
  34          
  35          
  36          void TimeInitial();
  37          void Delay(unsigned int i);
  38          
  39          
  40          void Delay(unsigned int i)
  41          {
  42   1        unsigned int j;
  43   1        for(;i>0;i--)
  44   1        {
  45   2        for(j=0;j<125;j++)
  46   2        {;}
  47   2        }
  48   1      }
  49           
  50          
  51          void main()
  52          {
  53   1              uchar  temp,loopdat1;
  54   1              uint   voldata;
C51 COMPILER V9.00   MAIN                                                                  10/28/2015 17:00:35 PAGE 2   

  55   1              uchar dispbuf[4];
  56   1              while(1)
  57   1              {
  58   2                      ADC0809=0x0f;           
  59   2                      do
  60   2                      {;}
  61   2                      while(~EOC);  //转换是否完成            
  62   2                      //delayms(1);
  63   2                      temp = ADC0809; //读出转换结果
  64   2                      voldata = temp*1.0/255*500;
  65   2                      dispbuf[3] = voldata%10;
  66   2                      dispbuf[2] = voldata/10%10;
  67   2                      dispbuf[1] = voldata/100%10;
  68   2                      dispbuf[0] = voldata/1000;
  69   2                      for(loopdat1=0;loopdat1<4;loopdat1++)
  70   2                      {
  71   3                              
  72   3                              Smg_Seg = segbit[dispbuf[loopdat1]];
  73   3                              if( loopdat1 == 1 )
  74   3                              {
  75   4                                      Smg_Seg &= 0x7f;
  76   4                              }
  77   3                              Smg_Com = combit[loopdat1];
  78   3                              Delay(4);
  79   3                              Smg_Com = 0xf0;
  80   3                      }
  81   2              }
  82   1      }
  83          
  84          
  85          
  86          


MODULE INFORMATION:   STATIC OVERLAYABLE
   CODE SIZE        =    182    ----
   CONSTANT SIZE    =     15    ----
   XDATA SIZE       =   ----    ----
   PDATA SIZE       =   ----    ----
   DATA SIZE        =   ----       5
   IDATA SIZE       =   ----    ----
   BIT SIZE         =   ----    ----
END OF MODULE INFORMATION.


C51 COMPILATION COMPLETE.  0 WARNING(S),  0 ERROR(S)
