BL51 BANKED LINKER/LOCATER V6.22                                                        03/09/2017  15:10:15  PAGE 1


BL51 BANKED LINKER/LOCATER V6.22, INVOKED BY:
BL51.EXE MAIN.OBJ TO DEBUG.OMF


MEMORY MODEL: SMALL


INPUT MODULES INCLUDED:
  MAIN.OBJ (MAIN)
  C:\KEIL-4\C51\LIB\C51S.LIB (?C_STARTUP)


LINK MAP OF MODULE:  DEBUG.OMF (MAIN)


            TYPE    BASE      LENGTH    RELOCATION   SEGMENT NAME
            -----------------------------------------------------

            * * * * * * *   D A T A   M E M O R Y   * * * * * * *
            REG     0000H     0008H     ABSOLUTE     "REG BANK 0"
            IDATA   0008H     0001H     UNIT         ?STACK

            * * * * * * *   C O D E   M E M O R Y   * * * * * * *
            CODE    0000H     0003H     ABSOLUTE     
                    0003H     07FDH                  *** GAP ***
            CODE    0800H     0016H     INBLOCK      ?PR?MAIN?MAIN
            CODE    0816H     0012H     INBLOCK      ?PR?_DELAYMS?MAIN
            CODE    0828H     000CH     UNIT         ?C_C51STARTUP



OVERLAY MAP OF MODULE:   DEBUG.OMF (MAIN)


SEGMENT
  +--> CALLED SEGMENT
---------------------
?C_C51STARTUP
  +--> ?PR?MAIN?MAIN

?PR?MAIN?MAIN
  +--> ?PR?_DELAYMS?MAIN



SYMBOL TABLE OF MODULE:  DEBUG.OMF (MAIN)

  VALUE           TYPE          NAME
  ----------------------------------

  -------         MODULE        MAIN
  C:0000H         SYMBOL        _ICE_DUMMY_
  D:0080H         PUBLIC        P0
  D:0090H         PUBLIC        P1
  D:00B0H         PUBLIC        P3
  D:00A8H         PUBLIC        IE
  D:00B8H         PUBLIC        IP
  C:0800H         PUBLIC        main
BL51 BANKED LINKER/LOCATER V6.22                                                      03/09/2017  15:10:15  PAGE 2


  D:0098H         PUBLIC        SCON
  D:0088H         PUBLIC        TCON
  D:00C8H         PUBLIC        T2CON
  C:0816H         PUBLIC        _delayms
  D:00D0H         PUBLIC        PSW
  -------         PROC          _DELAYMS
  D:0007H         SYMBOL        ms
  -------         DO            
  D:0006H         SYMBOL        i
  -------         ENDDO         
  C:0816H         LINE#         20
  C:0816H         LINE#         22
  C:0816H         LINE#         24
  C:081CH         LINE#         25
  C:081CH         LINE#         26
  C:0827H         LINE#         27
  C:0827H         LINE#         28
  -------         ENDPROC       _DELAYMS
  -------         PROC          MAIN
  C:0800H         LINE#         30
  C:0800H         LINE#         31
  C:0800H         LINE#         32
  C:0803H         LINE#         33
  C:0803H         LINE#         34
  C:0803H         LINE#         35
  C:0807H         LINE#         36
  C:0814H         LINE#         37
  -------         ENDPROC       MAIN
  -------         ENDMOD        MAIN

******************************************************************************
* RESTRICTED VERSION WITH 0800H BYTE CODE SIZE LIMIT; USED: 0028H BYTE ( 1%) *
******************************************************************************

Program Size: data=9.0 xdata=0 code=55
LINK/LOCATE RUN COMPLETE.  0 WARNING(S),  0 ERROR(S)
