BL51 BANKED LINKER/LOCATER V6.22                                                        07/14/2016  09:07:14  PAGE 1


BL51 BANKED LINKER/LOCATER V6.22, INVOKED BY:
BL51.EXE MAIN.OBJ TO .\RELEASE.OMF


MEMORY MODEL: SMALL


INPUT MODULES INCLUDED:
  MAIN.OBJ (MAIN)
  C:\KEIL\C51\LIB\C51S.LIB (?C_STARTUP)
  C:\KEIL\C51\LIB\C51S.LIB (?C?UIDIV)
  C:\KEIL\C51\LIB\C51S.LIB (?C_INIT)


LINK MAP OF MODULE:  .\RELEASE.OMF (MAIN)


            TYPE    BASE      LENGTH    RELOCATION   SEGMENT NAME
            -----------------------------------------------------

            * * * * * * *   D A T A   M E M O R Y   * * * * * * *
            REG     0000H     0008H     ABSOLUTE     "REG BANK 0"
            DATA    0008H     0005H     UNIT         ?DT?MAIN
            IDATA   000DH     0001H     UNIT         ?STACK

            * * * * * * *   C O D E   M E M O R Y   * * * * * * *
            CODE    0000H     0003H     ABSOLUTE     
            CODE    0003H     000CH     UNIT         ?C_INITSEG
            CODE    000FH     000BH     UNIT         ?CO?MAIN
                    001AH     0001H                  *** GAP ***
            CODE    001BH     0002H     ABSOLUTE     
            CODE    001DH     00AAH     INBLOCK      ?PR?MAIN?MAIN
            CODE    00C7H     008CH     UNIT         ?C_C51STARTUP
            CODE    0153H     0055H     UNIT         ?C?LIB_CODE
            CODE    01A8H     0047H     INBLOCK      ?PR?TIMER1_ISR?MAIN



OVERLAY MAP OF MODULE:   .\RELEASE.OMF (MAIN)


SEGMENT
  +--> CALLED SEGMENT
---------------------
?C_C51STARTUP
  +--> ?PR?MAIN?MAIN
  +--> ?C_INITSEG

?PR?MAIN?MAIN
  +--> ?CO?MAIN



SYMBOL TABLE OF MODULE:  .\RELEASE.OMF (MAIN)

  VALUE           TYPE          NAME
  ----------------------------------

BL51 BANKED LINKER/LOCATER V6.22                                                      07/14/2016  09:07:14  PAGE 2


  -------         MODULE        ?C?UIDIV
  C:0153H         PUBLIC        ?C?UIDIV
  -------         ENDMOD        ?C?UIDIV

Program Size: data=14.0 xdata=0 code=494
LINK/LOCATE RUN COMPLETE.  0 WARNING(S),  0 ERROR(S)
