BL51 BANKED LINKER/LOCATER V6.22                                                        08/07/2017  10:29:59  PAGE 1


BL51 BANKED LINKER/LOCATER V6.22, INVOKED BY:
BL51.EXE MAIN.OBJ TO DEBUG.OMF


MEMORY MODEL: SMALL


INPUT MODULES INCLUDED:
  MAIN.OBJ (MAIN)
  ..\..\..\..\..\..\..\KEIL\C51\LIB\C51S.LIB (?C_STARTUP)
  ..\..\..\..\..\..\..\KEIL\C51\LIB\C51S.LIB (?C_INIT)


LINK MAP OF MODULE:  DEBUG.OMF (MAIN)


            TYPE    BASE      LENGTH    RELOCATION   SEGMENT NAME
            -----------------------------------------------------

            * * * * * * *   D A T A   M E M O R Y   * * * * * * *
            REG     0000H     0008H     ABSOLUTE     "REG BANK 0"
            DATA    0008H     0001H     UNIT         ?DT?MAIN
            IDATA   0009H     0001H     UNIT         ?STACK

            * * * * * * *   C O D E   M E M O R Y   * * * * * * *
            CODE    0000H     0003H     ABSOLUTE     
            CODE    0003H     0002H     ABSOLUTE     
            CODE    0005H     008CH     UNIT         ?C_C51STARTUP
            CODE    0091H     003BH     INBLOCK      ?PR?MAIN?MAIN
            CODE    00CCH     0028H     UNIT         ?CO?MAIN
            CODE    00F4H     0019H     INBLOCK      ?PR?_DELAYMS?MAIN
            CODE    010DH     0019H     INBLOCK      ?PR?OUTSIDE_INT0?MAIN
            CODE    0126H     0007H     INBLOCK      ?PR?OUTSIDE_INIT0?MAIN
            CODE    012DH     0004H     UNIT         ?C_INITSEG



OVERLAY MAP OF MODULE:   DEBUG.OMF (MAIN)


SEGMENT
  +--> CALLED SEGMENT
---------------------
?C_C51STARTUP
  +--> ?PR?MAIN?MAIN
  +--> ?C_INITSEG

?PR?MAIN?MAIN
  +--> ?PR?OUTSIDE_INIT0?MAIN
  +--> ?CO?MAIN
  +--> ?PR?_DELAYMS?MAIN



SYMBOL TABLE OF MODULE:  DEBUG.OMF (MAIN)

  VALUE           TYPE          NAME
  ----------------------------------
BL51 BANKED LINKER/LOCATER V6.22                                                      08/07/2017  10:29:59  PAGE 2



  -------         MODULE        MAIN
  C:0000H         SYMBOL        _ICE_DUMMY_
  D:0080H         PUBLIC        P0
  D:00A0H         PUBLIC        P2
  B:00A8H.7       PUBLIC        EA
  C:0126H         PUBLIC        Outside_Init0
  C:010DH         PUBLIC        Outside_Int0
  C:0091H         PUBLIC        main
  C:00CCH         PUBLIC        tabP0
  C:00ECH         PUBLIC        tabP2
  B:00A8H.0       PUBLIC        EX0
  B:0088H.0       PUBLIC        IT0
  D:0008H         PUBLIC        j
  C:00F4H         PUBLIC        _delayms
  -------         PROC          _DELAYMS
  D:0006H         SYMBOL        j
  -------         DO            
  D:0005H         SYMBOL        i
  -------         ENDDO         
  C:00F4H         LINE#         18
  C:00F4H         LINE#         19
  C:00F4H         LINE#         21
  C:00FDH         LINE#         22
  C:00FDH         LINE#         23
  C:00FFH         LINE#         24
  C:0101H         LINE#         25
  C:0103H         LINE#         26
  C:0105H         LINE#         27
  C:010CH         LINE#         28
  -------         ENDPROC       _DELAYMS
  -------         PROC          OUTSIDE_INIT0
  C:0126H         LINE#         35
  C:0126H         LINE#         36
  C:0126H         LINE#         37
  C:0128H         LINE#         39
  C:012AH         LINE#         40
  C:012CH         LINE#         41
  -------         ENDPROC       OUTSIDE_INIT0
  -------         PROC          MAIN
  -------         DO            
  D:0004H         SYMBOL        i
  -------         ENDDO         
  C:0091H         LINE#         44
  C:0091H         LINE#         45
  C:0091H         LINE#         47
  C:0093H         LINE#         48
  C:0093H         LINE#         49
  C:0093H         LINE#         50
  C:0095H         LINE#         51
  C:0095H         LINE#         52
  C:0098H         LINE#         53
  C:009BH         LINE#         54
  C:00A2H         LINE#         55
  C:00C0H         LINE#         56
  C:00C6H         LINE#         57
  -------         ENDPROC       MAIN
BL51 BANKED LINKER/LOCATER V6.22                                                      08/07/2017  10:29:59  PAGE 3


  -------         PROC          OUTSIDE_INT0
  C:010DH         LINE#         61
  C:0111H         LINE#         63
  C:0113H         LINE#         64
  C:0115H         LINE#         65
  C:011FH         LINE#         66
  C:0121H         LINE#         67
  -------         ENDPROC       OUTSIDE_INT0
  -------         ENDMOD        MAIN

Program Size: data=10.0 xdata=0 code=305
LINK/LOCATE RUN COMPLETE.  0 WARNING(S),  0 ERROR(S)
