BL51 BANKED LINKER/LOCATER V6.22                                                        07/27/2017  11:25:30  PAGE 1


BL51 BANKED LINKER/LOCATER V6.22, INVOKED BY:
BL51.EXE MAIN.OBJ TO DEBUG.OMF


MEMORY MODEL: SMALL


INPUT MODULES INCLUDED:
  MAIN.OBJ (MAIN)
  ..\..\..\..\..\..\..\KEIL\C51\LIB\C51S.LIB (?C_STARTUP)


LINK MAP OF MODULE:  DEBUG.OMF (MAIN)


            TYPE    BASE      LENGTH    RELOCATION   SEGMENT NAME
            -----------------------------------------------------

            * * * * * * *   D A T A   M E M O R Y   * * * * * * *
            REG     0000H     0008H     ABSOLUTE     "REG BANK 0"
            IDATA   0008H     0001H     UNIT         ?STACK

            * * * * * * *   C O D E   M E M O R Y   * * * * * * *
            CODE    0000H     0003H     ABSOLUTE     
            CODE    0003H     0029H     INBLOCK      ?PR?MAIN?MAIN
            CODE    002CH     001DH     INBLOCK      ?PR?_DELAY1MS?MAIN
            CODE    0049H     000CH     UNIT         ?C_C51STARTUP



OVERLAY MAP OF MODULE:   DEBUG.OMF (MAIN)


SEGMENT
  +--> CALLED SEGMENT
---------------------
?C_C51STARTUP
  +--> ?PR?MAIN?MAIN

?PR?MAIN?MAIN
  +--> ?PR?_DELAY1MS?MAIN



SYMBOL TABLE OF MODULE:  DEBUG.OMF (MAIN)

  VALUE           TYPE          NAME
  ----------------------------------

  -------         MODULE        MAIN
  C:0000H         SYMBOL        _ICE_DUMMY_
  D:0090H         PUBLIC        P1
  D:00A0H         PUBLIC        P2
  B:0090H.0       PUBLIC        button
  C:0030H         PUBLIC        _delay1ms
  C:0003H         PUBLIC        main
  C:002CH         SYMBOL        L?0018
  -------         PROC          L?0017
BL51 BANKED LINKER/LOCATER V6.22                                                      07/27/2017  11:25:30  PAGE 2


  -------         ENDPROC       L?0017
  C:002CH         SYMBOL        L?0018
  -------         PROC          _DELAY1MS
  D:0006H         SYMBOL        j
  -------         DO            
  D:0005H         SYMBOL        i
  -------         ENDDO         
  C:0030H         LINE#         10
  C:0030H         LINE#         11
  C:0030H         LINE#         13
  C:0039H         LINE#         14
  C:0039H         LINE#         15
  C:003BH         LINE#         16
  C:003DH         LINE#         17
  C:003FH         LINE#         18
  C:0041H         LINE#         19
  C:0048H         LINE#         20
  -------         ENDPROC       _DELAY1MS
  -------         PROC          MAIN
  -------         DO            
  D:0004H         SYMBOL        i
  -------         ENDDO         
  C:0003H         LINE#         22
  C:0003H         LINE#         23
  C:0003H         LINE#         24
  C:0005H         LINE#         26
  C:0005H         LINE#         27
  C:0005H         LINE#         28
  C:0008H         LINE#         29
  C:0008H         LINE#         30
  C:0016H         LINE#         31
  C:0017H         LINE#         32
  C:001AH         LINE#         33
  C:001DH         LINE#         34
  C:001FH         LINE#         36
  C:001FH         LINE#         37
  C:0022H         LINE#         38
  C:0025H         LINE#         39
  C:0028H         LINE#         40
  C:002AH         LINE#         41
  C:002AH         LINE#         42
  -------         ENDPROC       MAIN
  -------         ENDMOD        MAIN

Program Size: data=9.0 xdata=0 code=85
LINK/LOCATE RUN COMPLETE.  0 WARNING(S),  0 ERROR(S)
