C51 COMPILER V9.60.7.0   ________                                                          10/06/2025 20:36:59 PAGE 1   


C51 COMPILER V9.60.7.0, COMPILATION OF MODULE ________
OBJECT MODULE PLACED IN 点阵程序.OBJ
COMPILER INVOKED BY: E:\Software\Keil_v5\C51\BIN\C51.EXE 点阵程序.c OPTIMIZE(8,SPEED) BROWSE DEBUG OBJECTEXTEND

line level    source

   1          #include<reg51.h>  // 包含51单片机寄存器定义
   2          
   3          // 74HC595 控制端口
   4          sbit shcp = P1^2;  // 移位时钟（Shift Clock）
   5          sbit stcp = P1^1;  // 锁存时钟（Storage Clock / Latch）
   6          sbit ds   = P1^0;  // 串行数据输入（Data Serial）
   7          
   8          // 按键输入端口
   9          sbit s1 = P3^1;  // 启停按键
  10          sbit s2 = P3^2;  // 方向切换按键
  11          sbit s3 = P3^3;  // 速度减按键
  12          sbit s4 = P3^4;  // 速度加按键
  13          
  14          // 全局变量
  15          unsigned char fx;     // 滚动方向（0：左，1：右，2：未使用）
  16          unsigned char alt;    // 定时器计数变量，用于控制滚动速度
  17          unsigned int net;     // 当前显示的起始字模索引
  18          unsigned char speed=5; // 滚动速度（1~12）
  19          unsigned char zi=15;    // 字符数量
  20          unsigned int zong;    // 字符总字节数
  21          
  22          // tab、tab1 为点阵字模数组，每个字符16字节（16x16点阵）
  23          // tab 为正序，tab1 为逆序或镜像显示，用于方向切换
  24          
  25          unsigned char code tab[]={ /* 点阵数据省略 */
  26                  0x00,0x00,0x00,0x00,0x00,0x00,0x00,0x00,0x00,0x00,0x00,0x00,0x00,0x00,0x00,0x00,
  27                  0x00,0x00,0x00,0x00,0x00,0x00,0x00,0x00,0x00,0x00,0x00,0x00,0x00,0x00,0x00,0x00,
  28          
  29                  0x08,0x20,0x06,0x20,0x40,0x7E,0x31,0x80,0x04,0x01,0x18,0x02,0x10,0x0C,0x10,0x30,
  30                  0x11,0xC0,0xFE,0x00,0x11,0xFC,0x10,0x02,0x14,0x02,0x18,0x02,0x10,0x0E,0x00,0x00,/*"沈",0*/
  31                  
  32                  0x00,0x00,0x7F,0xFF,0x40,0x10,0x44,0x08,0x5B,0x10,0x60,0xE0,0x00,0x00,0x3F,0xFF,
  33                  0x20,0x82,0x20,0x82,0x20,0x82,0x20,0x82,0x20,0x82,0x3F,0xFF,0x00,0x00,0x00,0x00,/*"阳",1*/
  34                  
  35                  0x01,0x01,0x3F,0xFE,0x69,0x40,0xA7,0x32,0x21,0x01,0x3F,0xFE,0x00,0x01,0x10,0x06,
  36                  0x13,0xF8,0x92,0x00,0x52,0x00,0x13,0xFC,0x10,0x02,0x10,0x02,0x00,0x1E,0x00,0x00,/*"航",2*/
  37                  
  38                  0x08,0x00,0x30,0x02,0x22,0x02,0x24,0x82,0x28,0x82,0x20,0x82,0xA0,0x82,0x60,0xFE,
  39                  0x20,0x82,0x20,0x82,0x28,0x82,0x24,0x82,0x22,0x02,0x28,0x02,0x30,0x00,0x00,0x00,/*"空",3*/
  40                  
  41                  0x01,0x01,0x3F,0xFE,0x69,0x40,0xA7,0x32,0x21,0x01,0x3F,0xFE,0x00,0x01,0x10,0x06,
  42                  0x13,0xF8,0x92,0x00,0x52,0x00,0x13,0xFC,0x10,0x02,0x10,0x02,0x00,0x1E,0x00,0x00,/*"航",4*/
  43                  
  44                  0x02,0x01,0x02,0x01,0x42,0x02,0x42,0x04,0x42,0x08,0x42,0x30,0x42,0xC0,0x7F,0x00,
  45                  0x42,0xC0,0x42,0x30,0x42,0x08,0x42,0x04,0x42,0x02,0x02,0x01,0x02,0x01,0x00,0x00,/*"天",5*/
  46                  
  47                  0x04,0x01,0x04,0x01,0x04,0x02,0x04,0x04,0x04,0x08,0x04,0x30,0x04,0xC0,0xFF,0x00,
  48                  0x04,0xC0,0x04,0x30,0x04,0x08,0x04,0x04,0x04,0x02,0x04,0x01,0x04,0x01,0x00,0x00,/*"大",6*/
  49                  
  50                  0x02,0x20,0x0C,0x20,0x88,0x20,0x69,0x20,0x09,0x20,0x09,0x22,0x89,0x21,0x69,0x7E,
  51                  0x09,0x60,0x09,0xA0,0x19,0x20,0x28,0x20,0xC8,0x20,0x0A,0x20,0x0C,0x20,0x00,0x00,/*"学",7*/
  52                  
  53                  0x00,0x08,0x00,0x08,0x1F,0xC8,0x92,0x48,0x52,0x48,0x32,0x48,0x12,0x48,0x1F,0xFF,
  54                  0x12,0x48,0x32,0x48,0x52,0x48,0x92,0x48,0x1F,0xC8,0x00,0x08,0x00,0x08,0x00,0x00,/*"单",0*/
  55                  
C51 COMPILER V9.60.7.0   ________                                                          10/06/2025 20:36:59 PAGE 2   

  56                  0x00,0x00,0x00,0x01,0x00,0x06,0x7F,0xF8,0x04,0x40,0x04,0x40,0x04,0x40,0x04,0x40,
  57                  0x04,0x40,0xFC,0x40,0x04,0x7F,0x04,0x00,0x04,0x00,0x04,0x00,0x00,0x00,0x00,0x00,/*"片",1*/
  58                  
  59                  0x08,0x20,0x08,0xC0,0x0B,0x00,0xFF,0xFF,0x09,0x00,0x08,0xC1,0x00,0x06,0x7F,0xF8,
  60                  0x40,0x00,0x40,0x00,0x40,0x00,0x7F,0xFC,0x00,0x02,0x00,0x02,0x00,0x1E,0x00,0x00,/*"机",2*/
  61                  
  62                  0x02,0x00,0x42,0x00,0x33,0xFC,0x00,0x08,0x00,0x10,0x00,0x44,0x7F,0x48,0x49,0x50,
  63                  0x49,0x60,0x7F,0xFF,0x49,0x60,0x49,0x50,0x7F,0x48,0x00,0x44,0x00,0x04,0x00,0x00,/*"课",3*/
  64                  
  65                  0x24,0x10,0x24,0x60,0x25,0x80,0x7F,0xFF,0xC4,0x80,0x44,0x60,0x00,0x02,0x7C,0x92,
  66                  0x44,0x92,0x44,0x92,0x44,0xFE,0x44,0x92,0x44,0x92,0x7C,0x92,0x00,0x82,0x00,0x00,/*"程",4*/
  67                  
  68                  0x02,0x00,0x02,0x00,0x42,0x00,0x33,0xFC,0x00,0x09,0x02,0x11,0x05,0x02,0x79,0xC2,
  69                  0x41,0x34,0x41,0x08,0x41,0x14,0x79,0x62,0x05,0x82,0x04,0x01,0x04,0x01,0x00,0x00,/*"设",5*/
  70                  
  71                  0x02,0x00,0x02,0x00,0x42,0x00,0x33,0xFE,0x00,0x04,0x02,0x08,0x02,0x00,0x02,0x00,
  72                  0x02,0x00,0xFF,0xFF,0x02,0x00,0x02,0x00,0x02,0x00,0x02,0x00,0x02,0x00,0x00,0x00,/*"计",6*/
  73          
  74                  0x00,0x00,0x00,0x00,0x00,0x00,0x00,0x00,0x00,0x00,0x00,0x00,0x00,0x00,0x00,0x00,
  75                  0x00,0x00,0x00,0x00,0x00,0x00,0x00,0x00,0x00,0x00,0x00,0x00,0x00,0x00,0x00,0x00,
  76          };
  77          unsigned char code tab1[]={ 
  78                  
  79                  0x00,0x00,0x00,0x00,0x00,0x00,0x00,0x00,0x00,0x00,0x00,0x00,0x00,0x00,0x00,0x00,
  80                  0x00,0x00,0x00,0x00,0x00,0x00,0x00,0x00,0x00,0x00,0x00,0x00,0x00,0x00,0x00,0x00,
  81                  
  82                  0x02,0x00,0x02,0x00,0x42,0x00,0x33,0xFE,0x00,0x04,0x02,0x08,0x02,0x00,0x02,0x00,
  83                  0x02,0x00,0xFF,0xFF,0x02,0x00,0x02,0x00,0x02,0x00,0x02,0x00,0x02,0x00,0x00,0x00,/*"计",0*/
  84                  
  85                  0x02,0x00,0x02,0x00,0x42,0x00,0x33,0xFC,0x00,0x09,0x02,0x11,0x05,0x02,0x79,0xC2,
  86                  0x41,0x34,0x41,0x08,0x41,0x14,0x79,0x62,0x05,0x82,0x04,0x01,0x04,0x01,0x00,0x00,/*"设",1*/
  87                  
  88                  0x24,0x10,0x24,0x60,0x25,0x80,0x7F,0xFF,0xC4,0x80,0x44,0x60,0x00,0x02,0x7C,0x92,
  89                  0x44,0x92,0x44,0x92,0x44,0xFE,0x44,0x92,0x44,0x92,0x7C,0x92,0x00,0x82,0x00,0x00,/*"程",2*/
  90                  
  91                  0x02,0x00,0x42,0x00,0x33,0xFC,0x00,0x08,0x00,0x10,0x00,0x44,0x7F,0x48,0x49,0x50,
  92                  0x49,0x60,0x7F,0xFF,0x49,0x60,0x49,0x50,0x7F,0x48,0x00,0x44,0x00,0x04,0x00,0x00,/*"课",3*/
  93                  
  94                  0x08,0x20,0x08,0xC0,0x0B,0x00,0xFF,0xFF,0x09,0x00,0x08,0xC1,0x00,0x06,0x7F,0xF8,
  95                  0x40,0x00,0x40,0x00,0x40,0x00,0x7F,0xFC,0x00,0x02,0x00,0x02,0x00,0x1E,0x00,0x00,/*"机",4*/
  96                  
  97                  0x00,0x00,0x00,0x01,0x00,0x06,0x7F,0xF8,0x04,0x40,0x04,0x40,0x04,0x40,0x04,0x40,
  98                  0x04,0x40,0xFC,0x40,0x04,0x7F,0x04,0x00,0x04,0x00,0x04,0x00,0x00,0x00,0x00,0x00,/*"片",5*/
  99                  
 100                  0x00,0x08,0x00,0x08,0x1F,0xC8,0x92,0x48,0x52,0x48,0x32,0x48,0x12,0x48,0x1F,0xFF,
 101                  0x12,0x48,0x32,0x48,0x52,0x48,0x92,0x48,0x1F,0xC8,0x00,0x08,0x00,0x08,0x00,0x00,/*"单",6*/
 102                  
 103                  0x02,0x20,0x0C,0x20,0x88,0x20,0x69,0x20,0x09,0x20,0x09,0x22,0x89,0x21,0x69,0x7E,
 104                  0x09,0x60,0x09,0xA0,0x19,0x20,0x28,0x20,0xC8,0x20,0x0A,0x20,0x0C,0x20,0x00,0x00,/*"学",7*/
 105          
 106                  0x04,0x01,0x04,0x01,0x04,0x02,0x04,0x04,0x04,0x08,0x04,0x30,0x04,0xC0,0xFF,0x00,
 107                  0x04,0xC0,0x04,0x30,0x04,0x08,0x04,0x04,0x04,0x02,0x04,0x01,0x04,0x01,0x00,0x00,/*"大",6*/
 108                  
 109                  0x02,0x01,0x02,0x01,0x42,0x02,0x42,0x04,0x42,0x08,0x42,0x30,0x42,0xC0,0x7F,0x00,
 110                  0x42,0xC0,0x42,0x30,0x42,0x08,0x42,0x04,0x42,0x02,0x02,0x01,0x02,0x01,0x00,0x00,/*"天",5*/
 111                  
 112                  0x01,0x01,0x3F,0xFE,0x69,0x40,0xA7,0x32,0x21,0x01,0x3F,0xFE,0x00,0x01,0x10,0x06,
 113                  0x13,0xF8,0x92,0x00,0x52,0x00,0x13,0xFC,0x10,0x02,0x10,0x02,0x00,0x1E,0x00,0x00,/*"航",2*/
 114                  
 115                  0x08,0x00,0x30,0x02,0x22,0x02,0x24,0x82,0x28,0x82,0x20,0x82,0xA0,0x82,0x60,0xFE,
 116                  0x20,0x82,0x20,0x82,0x28,0x82,0x24,0x82,0x22,0x02,0x28,0x02,0x30,0x00,0x00,0x00,/*"空",3*/
 117                  
C51 COMPILER V9.60.7.0   ________                                                          10/06/2025 20:36:59 PAGE 3   

 118                  0x01,0x01,0x3F,0xFE,0x69,0x40,0xA7,0x32,0x21,0x01,0x3F,0xFE,0x00,0x01,0x10,0x06,
 119                  0x13,0xF8,0x92,0x00,0x52,0x00,0x13,0xFC,0x10,0x02,0x10,0x02,0x00,0x1E,0x00,0x00,/*"航",4*/
 120                  
 121                  0x00,0x00,0x7F,0xFF,0x40,0x10,0x44,0x08,0x5B,0x10,0x60,0xE0,0x00,0x00,0x3F,0xFF,
 122                  0x20,0x82,0x20,0x82,0x20,0x82,0x20,0x82,0x20,0x82,0x3F,0xFF,0x00,0x00,0x00,0x00,/*"阳",1*/
 123                  
 124                  0x08,0x20,0x06,0x20,0x40,0x7E,0x31,0x80,0x04,0x01,0x18,0x02,0x10,0x0C,0x10,0x30,
 125                  0x11,0xC0,0xFE,0x00,0x11,0xFC,0x10,0x02,0x14,0x02,0x18,0x02,0x10,0x0E,0x00,0x00,/*"沈",0*/
 126          
 127                  0x00,0x00,0x00,0x00,0x00,0x00,0x00,0x00,0x00,0x00,0x00,0x00,0x00,0x00,0x00,0x00,
 128                  0x00,0x00,0x00,0x00,0x00,0x00,0x00,0x00,0x00,0x00,0x00,0x00,0x00,0x00,0x00,0x00,
 129          };
 130          
 131          // 延时函数
 132          void delay(unsigned int z)
 133          {
 134   1         unsigned char x;
 135   1         for(; z>0; z--)       // 外层循环次数
 136   1            for(x=110; x>0; x--); // 内层空循环，粗略延时
 137   1      }
 138          
 139          // 向74HC595写入两字节数据（16列）
 140          void writedata(unsigned char dat1, unsigned char dat2)   
 141          {
 142   1              unsigned char i;
 143   1              // 写入第1字节
 144   1              for(i=0;i<8;i++)
 145   1              {
 146   2                      dat1 = dat1 << 1;  // 左移1位，最高位送到CY标志位
 147   2                      ds = CY;           // 串行数据输入
 148   2                      shcp = 1;          // 移位时钟上升沿，74HC595移入数据
 149   2                      shcp = 0;
 150   2              } 
 151   1              // 写入第2字节
 152   1              for(i=0;i<8;i++)
 153   1              {
 154   2                      dat2 = dat2 << 1;
 155   2                      ds = CY;
 156   2                      shcp = 1;
 157   2                      shcp = 0;
 158   2              } 
 159   1              // 锁存数据，使输出口显示
 160   1              stcp = 0;      
 161   1              stcp = 1;
 162   1              stcp = 0; 
 163   1      }
 164          
 165          // 主程序
 166          void main()     
 167          {
 168   1              char i, aa;
 169   1              TMOD = 0x01;  // 定时器0 工作模式1（16位）
 170   1              TH0 = (65536-10000)/256;  // 定时器初值高字节
 171   1              TL0 = (65536-10000)%256;  // 定时器初值低字节
 172   1              ET0 = 1;      // 允许定时器0中断
 173   1              EA = 1;       // 开全局中断
 174   1              TR0 = 1;      // 启动定时器0
 175   1              zong = (zi+1)*32; // 计算总字节数（每字符16字节，双字节表示？）
 176   1      
 177   1              while(1)         
 178   1              {
 179   2                      // 按键检测，启停控制
C51 COMPILER V9.60.7.0   ________                                                          10/06/2025 20:36:59 PAGE 4   

 180   2                      if(s1 == 0)
 181   2                      {
 182   3                              delay(30);  // 按键消抖
 183   3                              if(s1 == 0)
 184   3                              {
 185   4                                      TR0 = ~TR0; // 启停切换
 186   4                                      while(s1 == 0); // 按键松开前等待
 187   4                              }
 188   3                      }
 189   2      
 190   2                      // 方向切换
 191   2                      if(s2 == 0)
 192   2                      {
 193   3                              delay(30); 
 194   3                              if(s2 == 0)
 195   3                              {
 196   4                                      fx++;
 197   4                                      if(fx >= 2) fx = 0; // fx只循环0、1
 198   4                                      aa = 0; // 每行显示数据重新计数
 199   4                                      if(fx == 0) net = 0;    // 左滚起点
 200   4                                      if(fx == 1) net = zong; // 右滚起点
 201   4                                      while(s2 == 0);
 202   4                              }
 203   3                      }
 204   2      
 205   2                      // 速度减按键
 206   2                      if(s3 == 0)
 207   2                      {
 208   3                              delay(3);
 209   3                              if(s3 == 0)
 210   3                              {
 211   4                                      speed--;        // 减速
 212   4                                      if(speed <= 1) speed = 1; // 最小速度限制
 213   4                              }
 214   3                              while(!s3);
 215   3                      }
 216   2      
 217   2                      // 速度加按键
 218   2                      if(s4 == 0)
 219   2                      {
 220   3                              delay(3);
 221   3                              if(s4 == 0)
 222   3                              {
 223   4                                      speed++;        // 加速
 224   4                                      if(speed >= 12) speed = 12; // 最大速度限制
 225   4                              }
 226   3                              while(!s4);
 227   3                      }
 228   2      
 229   2                      // 逐行刷新点阵显示
 230   2                      for(i=0;i<16;i++)
 231   2                      {         
 232   3                              P2 = i;  // 选择行（列译码？）
 233   3                              // 根据滚动方向选择数据表
 234   3                              if(fx == 0) writedata(tab[net+aa], tab[net+aa+1]);  // 左滚
 235   3                              if(fx == 1) writedata(tab1[net+aa], tab1[net+aa+1]); // 右滚
 236   3                              if(fx == 2) writedata(tab[net+aa], tab[net+aa+1]);  // 未使用
 237   3                              delay(3);  // 每行显示延时
 238   3                              writedata(0,0); // 清空数据，防止残影
 239   3                              aa += 2;         // 每次移动两字节
 240   3                              if(aa > 30) aa = 0; // 每行最多32字节，回到起点
 241   3                      }
C51 COMPILER V9.60.7.0   ________                                                          10/06/2025 20:36:59 PAGE 5   

 242   2              }
 243   1      }
 244          
 245          // 定时器0中断服务程序，每10ms触发一次
 246          void timer0() interrupt 1
 247          {
 248   1              TH0 = (65536-10000)/256;  // 重新装入初值
 249   1              TL0 = (65536-10000)%256;
 250   1              alt++;  // 定时计数
 251   1      
 252   1              // 根据滚动方向调整起点net
 253   1              if(fx == 0 || fx == 1)
 254   1              {
 255   2                      if(alt >= speed)  // 根据speed控制滚动速度
 256   2                      {
 257   3                              alt = 0;
 258   3                              if(fx == 0)  // 左滚
 259   3                              {
 260   4                                      net += 2;       
 261   4                                      if(net > zong) net = 0; // 循环回起点
 262   4                              }
 263   3                              if(fx == 1)  // 右滚
 264   3                              {
 265   4                                      net -= 2;
 266   4                                      if(net < 2) net = zong; // 循环回末尾
 267   4                              }
 268   3                      }
 269   2              }
 270   1      }


MODULE INFORMATION:   STATIC OVERLAYABLE
   CODE SIZE        =    451    ----
   CONSTANT SIZE    =   1088    ----
   XDATA SIZE       =   ----    ----
   PDATA SIZE       =   ----    ----
   DATA SIZE        =      8    ----
   IDATA SIZE       =   ----    ----
   BIT SIZE         =   ----    ----
END OF MODULE INFORMATION.


C51 COMPILATION COMPLETE.  0 WARNING(S),  0 ERROR(S)
