C51 COMPILER V9.00   MAIN                                                                  10/26/2015 16:16:41 PAGE 1   


C51 COMPILER V9.00, COMPILATION OF MODULE MAIN
OBJECT MODULE PLACED IN main.OBJ
COMPILER INVOKED BY: C:\Keil\C51\BIN\C51.exe ..\main.c ROM(SMALL) OBJECT(main.OBJ)

line level    source

   1          /************************************************************************ 
   2          文件名称： main.c 
   3          作 者：    
   4          版 本：    V1.00
   5          说 明：    BCD译码显示实验 
   6          修改记录：  
   7          -------------------------------------------------------------------------   
   8          *功能描述: BCD译码
   9          *
  10          -------------------------------------------------------------------------
  11          *接线说明：P00~P03-A,B,C,D，P20-C0，P21-RBI,P22-LT,QA~QG—SA~SG
  12          *                                                           
  13          *************************************************************************/
  14          #include <reg52.h>
  15          #define uchar unsigned char
  16          #define uint unsigned int
  17          #define BCD  P0
  18          /********端口定义********************************************************/
  19          sbit C0  = P2^0;
  20          sbit RBI = P2^1;
  21          sbit LT  = P2^2;
  22          
  23          /**********nms延时子程序*************************************************/
  24          void Delay_Nms(uint n)
  25          {
  26   1              uint i,j;
  27   1              for(i=0;i<n;i++)
  28   1                      for(j=0;j<125;j++)
  29   1                              ;
  30   1      }
  31          
  32          /********主函数**********************************************************/
  33          void main(void)
  34          {
  35   1              uchar i;
  36   1              C0=1;
  37   1        RBI=1;
  38   1        LT=1;
  39   1      
  40   1              while(1)
  41   1              {
  42   2                      for(i=0;i<15;i++)
  43   2                      {
  44   3                              BCD=i;           //译码显示
  45   3                              Delay_Nms(500);  //延时
  46   3                      }
  47   2              }
  48   1      
  49   1      }
  50          


MODULE INFORMATION:   STATIC OVERLAYABLE
   CODE SIZE        =     54    ----
   CONSTANT SIZE    =   ----    ----
C51 COMPILER V9.00   MAIN                                                                  10/26/2015 16:16:41 PAGE 2   

   XDATA SIZE       =   ----    ----
   PDATA SIZE       =   ----    ----
   DATA SIZE        =   ----    ----
   IDATA SIZE       =   ----    ----
   BIT SIZE         =   ----    ----
END OF MODULE INFORMATION.


C51 COMPILATION COMPLETE.  0 WARNING(S),  0 ERROR(S)
