BL51 BANKED LINKER/LOCATER V6.22                                                        06/22/2016  14:55:52  PAGE 1


BL51 BANKED LINKER/LOCATER V6.22, INVOKED BY:
BL51.EXE MAIN.OBJ TO .\RELEASE.OMF


MEMORY MODEL: SMALL


INPUT MODULES INCLUDED:
  MAIN.OBJ (MAIN)
  C:\KEIL\C51\LIB\C51S.LIB (?C_STARTUP)


LINK MAP OF MODULE:  .\RELEASE.OMF (MAIN)


            TYPE    BASE      LENGTH    RELOCATION   SEGMENT NAME
            -----------------------------------------------------

            * * * * * * *   D A T A   M E M O R Y   * * * * * * *
            REG     0000H     0008H     ABSOLUTE     "REG BANK 0"
            DATA    0008H     000AH     UNIT         ?DT?MAIN
            IDATA   0012H     0001H     UNIT         ?STACK

            * * * * * * *   C O D E   M E M O R Y   * * * * * * *
            CODE    0000H     0003H     ABSOLUTE     
                    0003H     0008H                  *** GAP ***
            CODE    000BH     0002H     ABSOLUTE     
            CODE    000DH     0045H     INBLOCK      ?PR?MAIN?MAIN
            CODE    0052H     003AH     INBLOCK      ?PR?TIMER0?MAIN
            CODE    008CH     000CH     UNIT         ?C_C51STARTUP
            CODE    0098H     000BH     UNIT         ?CO?MAIN



OVERLAY MAP OF MODULE:   .\RELEASE.OMF (MAIN)


SEGMENT
  +--> CALLED SEGMENT
---------------------
?C_C51STARTUP
  +--> ?PR?MAIN?MAIN

?PR?MAIN?MAIN
  +--> ?CO?MAIN

Program Size: data=19.0 xdata=0 code=155
LINK/LOCATE RUN COMPLETE.  0 WARNING(S),  0 ERROR(S)
