BL51 BANKED LINKER/LOCATER V6.22                                                        04/08/2025  11:17:02  PAGE 1


BL51 BANKED LINKER/LOCATER V6.22, INVOKED BY:
C:\KEIL_V5\C51\BIN\BL51.EXE 001.obj TO 001 RAMSIZE (256)


INPUT MODULES INCLUDED:
  001.obj (001)


LINK MAP OF MODULE:  001 (001)


            TYPE    BASE      LENGTH    RELOCATION   SEGMENT NAME
            -----------------------------------------------------

            * * * * * * *   D A T A   M E M O R Y   * * * * * * *
            REG     0000H     0008H     ABSOLUTE     "REG BANK 0"
                    0008H     0028H                  *** GAP ***
            DATA    0030H     0009H     ABSOLUTE     

            * * * * * * *   C O D E   M E M O R Y   * * * * * * *
            CODE    0000H     030AH     ABSOLUTE     



SYMBOL TABLE OF MODULE:  001 (001)

  VALUE           TYPE          NAME
  ----------------------------------

  -------         MODULE        001
  D:00E0H         SYMBOL        ACC
  D:00A0H         SYMBOL        BIT_PORT
  D:0030H         SYMBOL        COUNT
  C:0047H         SYMBOL        COUNT_TO_BCD
  C:006BH         SYMBOL        DELAY_1MS
  C:006DH         SYMBOL        DELAY_LOOP
  D:0032H         SYMBOL        DIGITS
  D:0038H         SYMBOL        DIG_INDEX
  C:002BH         SYMBOL        DISPLAY_INIT
  B:00A8H.7       SYMBOL        EA
  B:00A8H.0       SYMBOL        EX0
  C:001EH         SYMBOL        INIT
  C:002FH         SYMBOL        INT0_ISR
  B:0088H.0       SYMBOL        IT0
  C:0019H         SYMBOL        LOOP
  C:0010H         SYMBOL        MAIN
  D:0080H         SYMBOL        P0
  D:00A0H         SYMBOL        P2
  D:00D0H         SYMBOL        PSW
  C:0300H         SYMBOL        SEG_DATA
  D:0080H         SYMBOL        SEG_PORT
  C:0006H         SYMBOL        SEG_TABLE
  C:0067H         SYMBOL        SKIP_RESET
  D:0081H         SYMBOL        SP
  C:004EH         SYMBOL        UPDATE_DISPLAY
  C:0000H         LINE#         3
  C:0003H         LINE#         5
  C:0010H         LINE#         24
BL51 BANKED LINKER/LOCATER V6.22                                                      04/08/2025  11:17:02  PAGE 2


  C:0013H         LINE#         25
  C:0016H         LINE#         26
  C:0019H         LINE#         29
  C:001CH         LINE#         30
  C:001EH         LINE#         35
  C:0020H         LINE#         36
  C:0022H         LINE#         37
  C:0024H         LINE#         39
  C:0027H         LINE#         40
  C:002AH         LINE#         41
  C:002BH         LINE#         44
  C:002EH         LINE#         45
  C:002FH         LINE#         49
  C:0031H         LINE#         50
  C:0033H         LINE#         52
  C:0035H         LINE#         53
  C:0037H         LINE#         54
  C:0039H         LINE#         55
  C:003BH         LINE#         56
  C:003DH         LINE#         57
  C:003FH         LINE#         59
  C:0042H         LINE#         60
  C:0044H         LINE#         61
  C:0046H         LINE#         62
  C:0047H         LINE#         66
  C:0049H         LINE#         67
  C:004BH         LINE#         68
  C:004DH         LINE#         70
  C:004EH         LINE#         75
  C:0050H         LINE#         76
  C:0052H         LINE#         78
  C:0054H         LINE#         79
  C:0056H         LINE#         80
  C:0057H         LINE#         81
  C:0059H         LINE#         83
  C:005BH         LINE#         84
  C:005DH         LINE#         86
  C:005FH         LINE#         87
  C:0061H         LINE#         88
  C:0064H         LINE#         89
  C:0067H         LINE#         92
  C:006AH         LINE#         93
  C:006BH         LINE#         97
  C:006DH         LINE#         99
  C:006FH         LINE#         100
  C:0071H         LINE#         101
  C:0073H         LINE#         102
  -------         ENDMOD        001

******************************************************************************
* RESTRICTED VERSION WITH 0800H BYTE CODE SIZE LIMIT; USED: 007EH BYTE ( 6%) *
******************************************************************************

Program Size: data=17.0 xdata=0 code=778
LINK/LOCATE RUN COMPLETE.  0 WARNING(S),  0 ERROR(S)
