BL51 BANKED LINKER/LOCATER V6.22                                                        04/17/2018  06:34:36  PAGE 1


BL51 BANKED LINKER/LOCATER V6.22, INVOKED BY:
BL51.EXE MAIN.OBJ TO DEBUG.OMF


MEMORY MODEL: SMALL


INPUT MODULES INCLUDED:
  MAIN.OBJ (MAIN)
  C:\KEIL\C51\LIB\C51S.LIB (?C_STARTUP)
  C:\KEIL\C51\LIB\C51S.LIB (?C?UIDIV)
  C:\KEIL\C51\LIB\C51S.LIB (?C_INIT)


LINK MAP OF MODULE:  DEBUG.OMF (MAIN)


            TYPE    BASE      LENGTH    RELOCATION   SEGMENT NAME
            -----------------------------------------------------

            * * * * * * *   D A T A   M E M O R Y   * * * * * * *
            REG     0000H     0008H     ABSOLUTE     "REG BANK 0"
            DATA    0008H     0005H     UNIT         ?DT?MAIN
            IDATA   000DH     0001H     UNIT         ?STACK

            * * * * * * *   C O D E   M E M O R Y   * * * * * * *
            CODE    0000H     0003H     ABSOLUTE     
            CODE    0003H     000CH     UNIT         ?C_INITSEG
            CODE    000FH     000BH     UNIT         ?CO?MAIN
                    001AH     0001H                  *** GAP ***
            CODE    001BH     0002H     ABSOLUTE     
            CODE    001DH     00AAH     INBLOCK      ?PR?MAIN?MAIN
            CODE    00C7H     008CH     UNIT         ?C_C51STARTUP
            CODE    0153H     0055H     UNIT         ?C?LIB_CODE
            CODE    01A8H     0047H     INBLOCK      ?PR?TIMER1_ISR?MAIN



OVERLAY MAP OF MODULE:   DEBUG.OMF (MAIN)


SEGMENT
  +--> CALLED SEGMENT
---------------------
?C_C51STARTUP
  +--> ?PR?MAIN?MAIN
  +--> ?C_INITSEG

?PR?MAIN?MAIN
  +--> ?CO?MAIN



SYMBOL TABLE OF MODULE:  DEBUG.OMF (MAIN)

  VALUE           TYPE          NAME
  ----------------------------------

BL51 BANKED LINKER/LOCATER V6.22                                                      04/17/2018  06:34:36  PAGE 2


  -------         MODULE        MAIN
  C:0000H         SYMBOL        _ICE_DUMMY_
  D:0080H         PUBLIC        P0
  D:0090H         PUBLIC        P1
  D:00A0H         PUBLIC        P2
  D:00B0H         PUBLIC        P3
  C:01A8H         PUBLIC        Timer1_ISR
  D:00A8H         PUBLIC        IE
  D:00B8H         PUBLIC        IP
  C:001DH         PUBLIC        main
  D:0098H         PUBLIC        SCON
  D:0089H         PUBLIC        TMOD
  D:0088H         PUBLIC        TCON
  C:000FH         PUBLIC        seg
  D:0009H         PUBLIC        cnt
  D:008CH         PUBLIC        TH0
  D:008DH         PUBLIC        TH1
  D:008AH         PUBLIC        TL0
  D:008BH         PUBLIC        TL1
  B:0088H.4       PUBLIC        TR0
  B:0088H.6       PUBLIC        TR1
  D:00C8H         PUBLIC        T2CON
  D:000BH         PUBLIC        i
  D:00D0H         PUBLIC        PSW
  -------         PROC          MAIN
  -------         DO            
  D:0006H         SYMBOL        j
  -------         ENDDO         
  C:001DH         LINE#         25
  C:001DH         LINE#         26
  C:001DH         LINE#         29
  C:0020H         LINE#         31
  C:0023H         LINE#         32
  C:0025H         LINE#         33
  C:0028H         LINE#         34
  C:002AH         LINE#         35
  C:002CH         LINE#         36
  C:002EH         LINE#         37
  C:0031H         LINE#         38
  C:0031H         LINE#         39
  C:0031H         LINE#         40
  C:0034H         LINE#         41
  C:004BH         LINE#         42
  C:004EH         LINE#         43
  C:005CH         LINE#         45
  C:005FH         LINE#         46
  C:0082H         LINE#         47
  C:0085H         LINE#         48
  C:0093H         LINE#         50
  C:0096H         LINE#         51
  C:00ADH         LINE#         52
  C:00B0H         LINE#         53
  -------         ENDPROC       MAIN
  -------         PROC          TIMER1_ISR
  -------         DO            
  D:0008H         SYMBOL        j
  -------         ENDDO         
BL51 BANKED LINKER/LOCATER V6.22                                                      04/17/2018  06:34:36  PAGE 3


  C:01A8H         LINE#         58
  C:01B3H         LINE#         61
  C:01BBH         LINE#         62
  C:01BEH         LINE#         63
  C:01C1H         LINE#         64
  C:01C8H         LINE#         65
  C:01C8H         LINE#         66
  C:01CBH         LINE#         67
  C:01D5H         LINE#         68
  C:01DAH         LINE#         69
  C:01E0H         LINE#         70
  C:01E3H         LINE#         71
  C:01E6H         LINE#         72
  C:01E6H         LINE#         73
  -------         ENDPROC       TIMER1_ISR
  -------         ENDMOD        MAIN

  -------         MODULE        ?C?UIDIV
  C:0153H         PUBLIC        ?C?UIDIV
  -------         ENDMOD        ?C?UIDIV

Program Size: data=14.0 xdata=0 code=494
LINK/LOCATE RUN COMPLETE.  0 WARNING(S),  0 ERROR(S)
