C51 COMPILER V9.60.7.0   16X16_ROLLSHOW_HANZI                                              03/08/2026 16:46:07 PAGE 1   


C51 COMPILER V9.60.7.0, COMPILATION OF MODULE 16X16_ROLLSHOW_HANZI
OBJECT MODULE PLACED IN .\Objects\16x16_RollShow_Hanzi.obj
COMPILER INVOKED BY: E:\Software\Keil_v5\C51\BIN\C51.EXE 16x16_RollShow_Hanzi.c OPTIMIZE(8,SPEED) BROWSE DEBUG OBJECTEXT
                    -END PRINT(.\Listings\16x16_RollShow_Hanzi.lst) OBJECT(.\Objects\16x16_RollShow_Hanzi.obj)

line level    source

   1          #include<reg52.h>
   2          
   3          // 74HC595 控制端口
   4          sbit shcp = P1^2;
   5          sbit stcp = P1^1;
   6          sbit ds   = P1^0;
   7          
   8          // 按键输入端口
   9          sbit s1 = P3^1;  // 启停
  10          sbit s2 = P3^2;  // 方向切换
  11          sbit s3 = P3^3;  // 速度减
  12          sbit s4 = P3^4;  // 速度加
  13          
  14          // 全局变量
  15          unsigned char fx;
  16          unsigned char alt;
  17          unsigned int  net;
  18          unsigned char speed = 5;  // 滚动速度（1~12）
  19          unsigned char zi    = 7;  // 字符数量：单片机课程设计，共7个字
  20          unsigned int  zong;
  21          
  22          // -------------------------------------------------------
  23          // tab[]：正向（左滚）字模
  24          // 顺序：空白 → 单片机课程设计 → 空白
  25          // -------------------------------------------------------
  26          unsigned char code tab[] = {
  27          
  28              // 空白帧
  29              0x00,0x00,0x00,0x00,0x00,0x00,0x00,0x00,
  30              0x00,0x00,0x00,0x00,0x00,0x00,0x00,0x00,
  31              0x00,0x00,0x00,0x00,0x00,0x00,0x00,0x00,
  32              0x00,0x00,0x00,0x00,0x00,0x00,0x00,0x00,
  33          
  34              0x00,0x08,0x00,0x08,0x1F,0xC8,0x92,0x48,0x52,0x48,0x32,0x48,0x12,0x48,0x1F,0xFF,
  35              0x12,0x48,0x32,0x48,0x52,0x48,0x92,0x48,0x1F,0xC8,0x00,0x08,0x00,0x08,0x00,0x00, /*"单"*/
  36          
  37              0x00,0x00,0x00,0x01,0x00,0x06,0x7F,0xF8,0x04,0x40,0x04,0x40,0x04,0x40,0x04,0x40,
  38              0x04,0x40,0xFC,0x40,0x04,0x7F,0x04,0x00,0x04,0x00,0x04,0x00,0x00,0x00,0x00,0x00, /*"片"*/
  39          
  40              0x08,0x20,0x08,0xC0,0x0B,0x00,0xFF,0xFF,0x09,0x00,0x08,0xC1,0x00,0x06,0x7F,0xF8,
  41              0x40,0x00,0x40,0x00,0x40,0x00,0x7F,0xFC,0x00,0x02,0x00,0x02,0x00,0x1E,0x00,0x00, /*"机"*/
  42          
  43              0x02,0x00,0x42,0x00,0x33,0xFC,0x00,0x08,0x00,0x10,0x00,0x44,0x7F,0x48,0x49,0x50,
  44              0x49,0x60,0x7F,0xFF,0x49,0x60,0x49,0x50,0x7F,0x48,0x00,0x44,0x00,0x04,0x00,0x00, /*"课"*/
  45          
  46              0x24,0x10,0x24,0x60,0x25,0x80,0x7F,0xFF,0xC4,0x80,0x44,0x60,0x00,0x02,0x7C,0x92,
  47              0x44,0x92,0x44,0x92,0x44,0xFE,0x44,0x92,0x44,0x92,0x7C,0x92,0x00,0x82,0x00,0x00, /*"程"*/
  48          
  49              0x02,0x00,0x02,0x00,0x42,0x00,0x33,0xFC,0x00,0x09,0x02,0x11,0x05,0x02,0x79,0xC2,
  50              0x41,0x34,0x41,0x08,0x41,0x14,0x79,0x62,0x05,0x82,0x04,0x01,0x04,0x01,0x00,0x00, /*"设"*/
  51          
  52              0x02,0x00,0x02,0x00,0x42,0x00,0x33,0xFE,0x00,0x04,0x02,0x08,0x02,0x00,0x02,0x00,
  53              0x02,0x00,0xFF,0xFF,0x02,0x00,0x02,0x00,0x02,0x00,0x02,0x00,0x02,0x00,0x00,0x00, /*"计"*/
  54          
C51 COMPILER V9.60.7.0   16X16_ROLLSHOW_HANZI                                              03/08/2026 16:46:07 PAGE 2   

  55              // 空白帧
  56              0x00,0x00,0x00,0x00,0x00,0x00,0x00,0x00,
  57              0x00,0x00,0x00,0x00,0x00,0x00,0x00,0x00,
  58              0x00,0x00,0x00,0x00,0x00,0x00,0x00,0x00,
  59              0x00,0x00,0x00,0x00,0x00,0x00,0x00,0x00,
  60          };
  61          
  62          // -------------------------------------------------------
  63          // tab1[]：反向（右滚）字模
  64          // 顺序：空白 → 计设程课机片单 → 空白
  65          // -------------------------------------------------------
  66          unsigned char code tab1[] = {
  67          
  68              // 空白帧
  69              0x00,0x00,0x00,0x00,0x00,0x00,0x00,0x00,
  70              0x00,0x00,0x00,0x00,0x00,0x00,0x00,0x00,
  71              0x00,0x00,0x00,0x00,0x00,0x00,0x00,0x00,
  72              0x00,0x00,0x00,0x00,0x00,0x00,0x00,0x00,
  73          
  74              0x02,0x00,0x02,0x00,0x42,0x00,0x33,0xFE,0x00,0x04,0x02,0x08,0x02,0x00,0x02,0x00,
  75              0x02,0x00,0xFF,0xFF,0x02,0x00,0x02,0x00,0x02,0x00,0x02,0x00,0x02,0x00,0x00,0x00, /*"计"*/
  76          
  77              0x02,0x00,0x02,0x00,0x42,0x00,0x33,0xFC,0x00,0x09,0x02,0x11,0x05,0x02,0x79,0xC2,
  78              0x41,0x34,0x41,0x08,0x41,0x14,0x79,0x62,0x05,0x82,0x04,0x01,0x04,0x01,0x00,0x00, /*"设"*/
  79          
  80              0x24,0x10,0x24,0x60,0x25,0x80,0x7F,0xFF,0xC4,0x80,0x44,0x60,0x00,0x02,0x7C,0x92,
  81              0x44,0x92,0x44,0x92,0x44,0xFE,0x44,0x92,0x44,0x92,0x7C,0x92,0x00,0x82,0x00,0x00, /*"程"*/
  82          
  83              0x02,0x00,0x42,0x00,0x33,0xFC,0x00,0x08,0x00,0x10,0x00,0x44,0x7F,0x48,0x49,0x50,
  84              0x49,0x60,0x7F,0xFF,0x49,0x60,0x49,0x50,0x7F,0x48,0x00,0x44,0x00,0x04,0x00,0x00, /*"课"*/
  85          
  86              0x08,0x20,0x08,0xC0,0x0B,0x00,0xFF,0xFF,0x09,0x00,0x08,0xC1,0x00,0x06,0x7F,0xF8,
  87              0x40,0x00,0x40,0x00,0x40,0x00,0x7F,0xFC,0x00,0x02,0x00,0x02,0x00,0x1E,0x00,0x00, /*"机"*/
  88          
  89              0x00,0x00,0x00,0x01,0x00,0x06,0x7F,0xF8,0x04,0x40,0x04,0x40,0x04,0x40,0x04,0x40,
  90              0x04,0x40,0xFC,0x40,0x04,0x7F,0x04,0x00,0x04,0x00,0x04,0x00,0x00,0x00,0x00,0x00, /*"片"*/
  91          
  92              0x00,0x08,0x00,0x08,0x1F,0xC8,0x92,0x48,0x52,0x48,0x32,0x48,0x12,0x48,0x1F,0xFF,
  93              0x12,0x48,0x32,0x48,0x52,0x48,0x92,0x48,0x1F,0xC8,0x00,0x08,0x00,0x08,0x00,0x00, /*"单"*/
  94          
  95              // 空白帧
  96              0x00,0x00,0x00,0x00,0x00,0x00,0x00,0x00,
  97              0x00,0x00,0x00,0x00,0x00,0x00,0x00,0x00,
  98              0x00,0x00,0x00,0x00,0x00,0x00,0x00,0x00,
  99              0x00,0x00,0x00,0x00,0x00,0x00,0x00,0x00,
 100          };
 101          
 102          void delay(unsigned int z)
 103          {
 104   1          unsigned char x;
 105   1          for(; z>0; z--)
 106   1              for(x=110; x>0; x--);
 107   1      }
 108          
 109          void writedata(unsigned char dat1, unsigned char dat2)
 110          {
 111   1          unsigned char i;
 112   1          for(i=0; i<8; i++) { dat1 = dat1 << 1; ds = CY; shcp = 1; shcp = 0; }
 113   1          for(i=0; i<8; i++) { dat2 = dat2 << 1; ds = CY; shcp = 1; shcp = 0; }
 114   1          stcp = 0; stcp = 1; stcp = 0;
 115   1      }
 116          
C51 COMPILER V9.60.7.0   16X16_ROLLSHOW_HANZI                                              03/08/2026 16:46:07 PAGE 3   

 117          void main()
 118          {
 119   1          char i, aa;
 120   1          TMOD = 0x01;
 121   1          TH0  = (65536-10000) / 256;
 122   1          TL0  = (65536-10000) % 256;
 123   1          ET0  = 1;
 124   1          EA   = 1;
 125   1          TR0  = 1;
 126   1          zong = (zi + 1) * 32;  // = 8 * 32 = 256，覆盖 9 个字模块
 127   1      
 128   1          while(1)
 129   1          {
 130   2              // 启停
 131   2              if(s1 == 0) { delay(30); if(s1 == 0) { TR0 = ~TR0; while(s1 == 0); } }
 132   2      
 133   2              // 方向切换
 134   2              if(s2 == 0)
 135   2              {
 136   3                  delay(30);
 137   3                  if(s2 == 0)
 138   3                  {
 139   4                      fx++;
 140   4                      if(fx >= 2) fx = 0;
 141   4                      aa = 0;
 142   4                      if(fx == 0) net = 0;
 143   4                      if(fx == 1) net = zong;
 144   4                      while(s2 == 0);
 145   4                  }
 146   3              }
 147   2      
 148   2              // 速度减
 149   2              if(s3 == 0) { delay(3); if(s3 == 0) { speed--; if(speed <= 1) speed = 1; } while(!s3); }
 150   2      
 151   2              // 速度加
 152   2              if(s4 == 0) { delay(3); if(s4 == 0) { speed++; if(speed >= 12) speed = 12; } while(!s4); }
 153   2      
 154   2              // 逐行扫描显示
 155   2              for(i=0; i<16; i++)
 156   2              {
 157   3                  P2 = i;
 158   3                  if(fx == 0) writedata(tab[net+aa],  tab[net+aa+1]);   // 左滚：单→计
 159   3                  if(fx == 1) writedata(tab1[net+aa], tab1[net+aa+1]);  // 右滚：计→单
 160   3                  delay(3);
 161   3                  writedata(0, 0);  // 清除残影
 162   3                  aa += 2;
 163   3                  if(aa > 30) aa = 0;
 164   3              }
 165   2          }
 166   1      }
 167          
 168          void timer0() interrupt 1
 169          {
 170   1          TH0 = (65536-10000) / 256;
 171   1          TL0 = (65536-10000) % 256;
 172   1          alt++;
 173   1      
 174   1          if(alt >= speed)
 175   1          {
 176   2              alt = 0;
 177   2              if(fx == 0) { net += 2; if(net > zong) net = 0; }   // 左滚
 178   2              if(fx == 1) { net -= 2; if(net < 2)    net = zong; } // 右滚
C51 COMPILER V9.60.7.0   16X16_ROLLSHOW_HANZI                                              03/08/2026 16:46:07 PAGE 4   

 179   2          }
 180   1      }


MODULE INFORMATION:   STATIC OVERLAYABLE
   CODE SIZE        =    435    ----
   CONSTANT SIZE    =    576    ----
   XDATA SIZE       =   ----    ----
   PDATA SIZE       =   ----    ----
   DATA SIZE        =      8    ----
   IDATA SIZE       =   ----    ----
   BIT SIZE         =   ----    ----
END OF MODULE INFORMATION.


C51 COMPILATION COMPLETE.  0 WARNING(S),  0 ERROR(S)
