C51 COMPILER V9.60.7.0   16X16_ROLLSHOW_HANZI                                              03/08/2026 16:42:07 PAGE 1   


C51 COMPILER V9.60.7.0, COMPILATION OF MODULE 16X16_ROLLSHOW_HANZI
OBJECT MODULE PLACED IN .\Objects\16x16_RollShow_Hanzi.obj
COMPILER INVOKED BY: E:\Software\Keil_v5\C51\BIN\C51.EXE 16x16_RollShow_Hanzi.c OPTIMIZE(8,SPEED) BROWSE DEBUG OBJECTEXT
                    -END PRINT(.\Listings\16x16_RollShow_Hanzi.lst) OBJECT(.\Objects\16x16_RollShow_Hanzi.obj)

line level    source

   1          #include<reg52.h>  // 包含51单片机寄存器定义
   2          
   3          // 74HC595 控制端口
   4          sbit shcp = P1^2;  // 移位时钟（Shift Clock）
   5          sbit stcp = P1^1;  // 锁存时钟（Storage Clock / Latch）
   6          sbit ds   = P1^0;  // 串行数据输入（Data Serial）
   7          
   8          // 按键输入端口
   9          sbit s1 = P3^1;  // 启停按键
  10          sbit s2 = P3^2;  // 方向切换按键
  11          sbit s3 = P3^3;  // 速度减按键
  12          sbit s4 = P3^4;  // 速度加按键
  13          
  14          // 全局变量
  15          unsigned char fx;     // 滚动方向（0：左，1：右，2：未使用）
  16          unsigned char alt;    // 定时器计数变量，用于控制滚动速度
  17          unsigned int net;     // 当前显示的起始字模索引
  18          unsigned char speed=5; // 滚动速度（1~12）
  19          unsigned char zi=15;    // 字符数量
  20          unsigned int zong;    // 字符总字节数
  21          
  22          // tab、tab1 为点阵字模数组，每个字符16字节（16x16点阵）
  23          // tab 为正序，tab1 为逆序或镜像显示，用于方向切换
  24          
  25          unsigned char code tab[]={ /* 点阵数据省略 */
  26                  
  27                  0x00,0x00,0x00,0x00,0x00,0x00,0x00,0x00,0x00,0x00,0x00,0x00,0x00,0x00,0x00,0x00,
  28                  0x00,0x00,0x00,0x00,0x00,0x00,0x00,0x00,0x00,0x00,0x00,0x00,0x00,0x00,0x00,0x00,
  29                  
  30                  0x08,0x20,0x06,0x20,0x40,0x7E,0x31,0x80,0x04,0x01,0x18,0x02,0x10,0x0C,0x10,0x30,
  31                  0x11,0xC0,0xFE,0x00,0x11,0xFC,0x10,0x02,0x14,0x02,0x18,0x02,0x10,0x0E,0x00,0x00,/*"沈",0*/
  32                  
  33                  0x00,0x00,0x7F,0xFF,0x40,0x10,0x44,0x08,0x5B,0x10,0x60,0xE0,0x00,0x00,0x3F,0xFF,
  34                  0x20,0x82,0x20,0x82,0x20,0x82,0x20,0x82,0x20,0x82,0x3F,0xFF,0x00,0x00,0x00,0x00,/*"阳",1*/
  35                  
  36                  0x01,0x01,0x3F,0xFE,0x69,0x40,0xA7,0x32,0x21,0x01,0x3F,0xFE,0x00,0x01,0x10,0x06,
  37                  0x13,0xF8,0x92,0x00,0x52,0x00,0x13,0xFC,0x10,0x02,0x10,0x02,0x00,0x1E,0x00,0x00,/*"航",2*/
  38                  
  39                  0x08,0x00,0x30,0x02,0x22,0x02,0x24,0x82,0x28,0x82,0x20,0x82,0xA0,0x82,0x60,0xFE,
  40                  0x20,0x82,0x20,0x82,0x28,0x82,0x24,0x82,0x22,0x02,0x28,0x02,0x30,0x00,0x00,0x00,/*"空",3*/
  41                  
  42                  0x01,0x01,0x3F,0xFE,0x69,0x40,0xA7,0x32,0x21,0x01,0x3F,0xFE,0x00,0x01,0x10,0x06,
  43                  0x13,0xF8,0x92,0x00,0x52,0x00,0x13,0xFC,0x10,0x02,0x10,0x02,0x00,0x1E,0x00,0x00,/*"航",4*/
  44                  
  45                  0x02,0x01,0x02,0x01,0x42,0x02,0x42,0x04,0x42,0x08,0x42,0x30,0x42,0xC0,0x7F,0x00,
  46                  0x42,0xC0,0x42,0x30,0x42,0x08,0x42,0x04,0x42,0x02,0x02,0x01,0x02,0x01,0x00,0x00,/*"天",5*/
  47                  
  48                  0x04,0x01,0x04,0x01,0x04,0x02,0x04,0x04,0x04,0x08,0x04,0x30,0x04,0xC0,0xFF,0x00,
  49                  0x04,0xC0,0x04,0x30,0x04,0x08,0x04,0x04,0x04,0x02,0x04,0x01,0x04,0x01,0x00,0x00,/*"大",6*/
  50                  
  51                  0x02,0x20,0x0C,0x20,0x88,0x20,0x69,0x20,0x09,0x20,0x09,0x22,0x89,0x21,0x69,0x7E,
  52                  0x09,0x60,0x09,0xA0,0x19,0x20,0x28,0x20,0xC8,0x20,0x0A,0x20,0x0C,0x20,0x00,0x00,/*"学",7*/
  53                  
  54                  0x00,0x08,0x00,0x08,0x1F,0xC8,0x92,0x48,0x52,0x48,0x32,0x48,0x12,0x48,0x1F,0xFF,
C51 COMPILER V9.60.7.0   16X16_ROLLSHOW_HANZI                                              03/08/2026 16:42:07 PAGE 2   

  55                  0x12,0x48,0x32,0x48,0x52,0x48,0x92,0x48,0x1F,0xC8,0x00,0x08,0x00,0x08,0x00,0x00,/*"单",0*/
  56                  
  57                  0x00,0x00,0x00,0x01,0x00,0x06,0x7F,0xF8,0x04,0x40,0x04,0x40,0x04,0x40,0x04,0x40,
  58                  0x04,0x40,0xFC,0x40,0x04,0x7F,0x04,0x00,0x04,0x00,0x04,0x00,0x00,0x00,0x00,0x00,/*"片",1*/
  59                  
  60                  0x08,0x20,0x08,0xC0,0x0B,0x00,0xFF,0xFF,0x09,0x00,0x08,0xC1,0x00,0x06,0x7F,0xF8,
  61                  0x40,0x00,0x40,0x00,0x40,0x00,0x7F,0xFC,0x00,0x02,0x00,0x02,0x00,0x1E,0x00,0x00,/*"机",2*/
  62                  
  63                  0x02,0x00,0x42,0x00,0x33,0xFC,0x00,0x08,0x00,0x10,0x00,0x44,0x7F,0x48,0x49,0x50,
  64                  0x49,0x60,0x7F,0xFF,0x49,0x60,0x49,0x50,0x7F,0x48,0x00,0x44,0x00,0x04,0x00,0x00,/*"课",3*/
  65                  
  66                  0x24,0x10,0x24,0x60,0x25,0x80,0x7F,0xFF,0xC4,0x80,0x44,0x60,0x00,0x02,0x7C,0x92,
  67                  0x44,0x92,0x44,0x92,0x44,0xFE,0x44,0x92,0x44,0x92,0x7C,0x92,0x00,0x82,0x00,0x00,/*"程",4*/
  68                  
  69                  0x02,0x00,0x02,0x00,0x42,0x00,0x33,0xFC,0x00,0x09,0x02,0x11,0x05,0x02,0x79,0xC2,
  70                  0x41,0x34,0x41,0x08,0x41,0x14,0x79,0x62,0x05,0x82,0x04,0x01,0x04,0x01,0x00,0x00,/*"设",5*/
  71                  
  72                  0x02,0x00,0x02,0x00,0x42,0x00,0x33,0xFE,0x00,0x04,0x02,0x08,0x02,0x00,0x02,0x00,
  73                  0x02,0x00,0xFF,0xFF,0x02,0x00,0x02,0x00,0x02,0x00,0x02,0x00,0x02,0x00,0x00,0x00,/*"计",6*/
  74          
  75                  0x00,0x00,0x00,0x00,0x00,0x00,0x00,0x00,0x00,0x00,0x00,0x00,0x00,0x00,0x00,0x00,
  76                  0x00,0x00,0x00,0x00,0x00,0x00,0x00,0x00,0x00,0x00,0x00,0x00,0x00,0x00,0x00,0x00,
  77          };
  78          unsigned char code tab1[]={ 
  79                  
  80                  0x00,0x00,0x00,0x00,0x00,0x00,0x00,0x00,0x00,0x00,0x00,0x00,0x00,0x00,0x00,0x00,
  81                  0x00,0x00,0x00,0x00,0x00,0x00,0x00,0x00,0x00,0x00,0x00,0x00,0x00,0x00,0x00,0x00,
  82                  
  83                  0x02,0x00,0x02,0x00,0x42,0x00,0x33,0xFE,0x00,0x04,0x02,0x08,0x02,0x00,0x02,0x00,
  84                  0x02,0x00,0xFF,0xFF,0x02,0x00,0x02,0x00,0x02,0x00,0x02,0x00,0x02,0x00,0x00,0x00,/*"计",0*/
  85                  
  86                  0x02,0x00,0x02,0x00,0x42,0x00,0x33,0xFC,0x00,0x09,0x02,0x11,0x05,0x02,0x79,0xC2,
  87                  0x41,0x34,0x41,0x08,0x41,0x14,0x79,0x62,0x05,0x82,0x04,0x01,0x04,0x01,0x00,0x00,/*"设",1*/
  88                  
  89                  0x24,0x10,0x24,0x60,0x25,0x80,0x7F,0xFF,0xC4,0x80,0x44,0x60,0x00,0x02,0x7C,0x92,
  90                  0x44,0x92,0x44,0x92,0x44,0xFE,0x44,0x92,0x44,0x92,0x7C,0x92,0x00,0x82,0x00,0x00,/*"程",2*/
  91                  
  92                  0x02,0x00,0x42,0x00,0x33,0xFC,0x00,0x08,0x00,0x10,0x00,0x44,0x7F,0x48,0x49,0x50,
  93                  0x49,0x60,0x7F,0xFF,0x49,0x60,0x49,0x50,0x7F,0x48,0x00,0x44,0x00,0x04,0x00,0x00,/*"课",3*/
  94                  
  95                  0x08,0x20,0x08,0xC0,0x0B,0x00,0xFF,0xFF,0x09,0x00,0x08,0xC1,0x00,0x06,0x7F,0xF8,
  96                  0x40,0x00,0x40,0x00,0x40,0x00,0x7F,0xFC,0x00,0x02,0x00,0x02,0x00,0x1E,0x00,0x00,/*"机",4*/
  97                  
  98                  0x00,0x00,0x00,0x01,0x00,0x06,0x7F,0xF8,0x04,0x40,0x04,0x40,0x04,0x40,0x04,0x40,
  99                  0x04,0x40,0xFC,0x40,0x04,0x7F,0x04,0x00,0x04,0x00,0x04,0x00,0x00,0x00,0x00,0x00,/*"片",5*/
 100                  
 101                  0x00,0x08,0x00,0x08,0x1F,0xC8,0x92,0x48,0x52,0x48,0x32,0x48,0x12,0x48,0x1F,0xFF,
 102                  0x12,0x48,0x32,0x48,0x52,0x48,0x92,0x48,0x1F,0xC8,0x00,0x08,0x00,0x08,0x00,0x00,/*"单",6*/
 103                  
 104                  0x02,0x20,0x0C,0x20,0x88,0x20,0x69,0x20,0x09,0x20,0x09,0x22,0x89,0x21,0x69,0x7E,
 105                  0x09,0x60,0x09,0xA0,0x19,0x20,0x28,0x20,0xC8,0x20,0x0A,0x20,0x0C,0x20,0x00,0x00,/*"学",7*/
 106          
 107                  0x04,0x01,0x04,0x01,0x04,0x02,0x04,0x04,0x04,0x08,0x04,0x30,0x04,0xC0,0xFF,0x00,
 108                  0x04,0xC0,0x04,0x30,0x04,0x08,0x04,0x04,0x04,0x02,0x04,0x01,0x04,0x01,0x00,0x00,/*"大",6*/
 109                  
 110                  0x02,0x01,0x02,0x01,0x42,0x02,0x42,0x04,0x42,0x08,0x42,0x30,0x42,0xC0,0x7F,0x00,
 111                  0x42,0xC0,0x42,0x30,0x42,0x08,0x42,0x04,0x42,0x02,0x02,0x01,0x02,0x01,0x00,0x00,/*"天",5*/
 112                  
 113                  0x01,0x01,0x3F,0xFE,0x69,0x40,0xA7,0x32,0x21,0x01,0x3F,0xFE,0x00,0x01,0x10,0x06,
 114                  0x13,0xF8,0x92,0x00,0x52,0x00,0x13,0xFC,0x10,0x02,0x10,0x02,0x00,0x1E,0x00,0x00,/*"航",2*/
 115                  
 116                  0x08,0x00,0x30,0x02,0x22,0x02,0x24,0x82,0x28,0x82,0x20,0x82,0xA0,0x82,0x60,0xFE,
C51 COMPILER V9.60.7.0   16X16_ROLLSHOW_HANZI                                              03/08/2026 16:42:07 PAGE 3   

 117                  0x20,0x82,0x20,0x82,0x28,0x82,0x24,0x82,0x22,0x02,0x28,0x02,0x30,0x00,0x00,0x00,/*"空",3*/
 118                  
 119                  0x01,0x01,0x3F,0xFE,0x69,0x40,0xA7,0x32,0x21,0x01,0x3F,0xFE,0x00,0x01,0x10,0x06,
 120                  0x13,0xF8,0x92,0x00,0x52,0x00,0x13,0xFC,0x10,0x02,0x10,0x02,0x00,0x1E,0x00,0x00,/*"航",4*/
 121                  
 122                  0x00,0x00,0x7F,0xFF,0x40,0x10,0x44,0x08,0x5B,0x10,0x60,0xE0,0x00,0x00,0x3F,0xFF,
 123                  0x20,0x82,0x20,0x82,0x20,0x82,0x20,0x82,0x20,0x82,0x3F,0xFF,0x00,0x00,0x00,0x00,/*"阳",1*/
 124                  
 125                  0x08,0x20,0x06,0x20,0x40,0x7E,0x31,0x80,0x04,0x01,0x18,0x02,0x10,0x0C,0x10,0x30,
 126                  0x11,0xC0,0xFE,0x00,0x11,0xFC,0x10,0x02,0x14,0x02,0x18,0x02,0x10,0x0E,0x00,0x00,/*"沈",0*/
 127          
 128                  0x00,0x00,0x00,0x00,0x00,0x00,0x00,0x00,0x00,0x00,0x00,0x00,0x00,0x00,0x00,0x00,
 129                  0x00,0x00,0x00,0x00,0x00,0x00,0x00,0x00,0x00,0x00,0x00,0x00,0x00,0x00,0x00,0x00,
 130          };
 131          
 132          // 延时函数
 133          void delay(unsigned int z)
 134          {
 135   1         unsigned char x;
 136   1         for(; z>0; z--)       // 外层循环次数
 137   1            for(x=110; x>0; x--); // 内层空循环，粗略延时
 138   1      }
 139          
 140          // 向74HC595写入两字节数据（16列）
 141          void writedata(unsigned char dat1, unsigned char dat2)   
 142          {
 143   1              unsigned char i;
 144   1              // 写入第1字节
 145   1              for(i=0;i<8;i++)
 146   1              {
 147   2                      dat1 = dat1 << 1;  // 左移1位，最高位送到CY标志位
 148   2                      ds = CY;           // 串行数据输入
 149   2                      shcp = 1;          // 移位时钟上升沿，74HC595移入数据
 150   2                      shcp = 0;
 151   2              } 
 152   1              // 写入第2字节
 153   1              for(i=0;i<8;i++)
 154   1              {
 155   2                      dat2 = dat2 << 1;
 156   2                      ds = CY;
 157   2                      shcp = 1;
 158   2                      shcp = 0;
 159   2              } 
 160   1              // 锁存数据，使输出口显示
 161   1              stcp = 0;      
 162   1              stcp = 1;
 163   1              stcp = 0; 
 164   1      }
 165          
 166          // 主程序
 167          void main()     
 168          {
 169   1              char i, aa;
 170   1              TMOD = 0x01;  // 定时器0 工作模式1（16位）
 171   1              TH0 = (65536-10000)/256;  // 定时器初值高字节
 172   1              TL0 = (65536-10000)%256;  // 定时器初值低字节
 173   1              ET0 = 1;      // 允许定时器0中断
 174   1              EA = 1;       // 开全局中断
 175   1              TR0 = 1;      // 启动定时器0
 176   1              zong = (zi+1)*32; // 计算总字节数（每字符16字节，双字节表示？）
 177   1      
 178   1              while(1)         
C51 COMPILER V9.60.7.0   16X16_ROLLSHOW_HANZI                                              03/08/2026 16:42:07 PAGE 4   

 179   1              {
 180   2                      // 按键检测，启停控制
 181   2                      if(s1 == 0)
 182   2                      {
 183   3                              delay(30);  // 按键消抖
 184   3                              if(s1 == 0)
 185   3                              {
 186   4                                      TR0 = ~TR0; // 启停切换
 187   4                                      while(s1 == 0); // 按键松开前等待
 188   4                              }
 189   3                      }
 190   2      
 191   2                      // 方向切换
 192   2                      if(s2 == 0)
 193   2                      {
 194   3                              delay(30); 
 195   3                              if(s2 == 0)
 196   3                              {
 197   4                                      fx++;
 198   4                                      if(fx >= 2) fx = 0; // fx只循环0、1
 199   4                                      aa = 0; // 每行显示数据重新计数
 200   4                                      if(fx == 0) net = 0;    // 左滚起点
 201   4                                      if(fx == 1) net = zong; // 右滚起点
 202   4                                      while(s2 == 0);
 203   4                              }
 204   3                      }
 205   2      
 206   2                      // 速度减按键
 207   2                      if(s3 == 0)
 208   2                      {
 209   3                              delay(3);
 210   3                              if(s3 == 0)
 211   3                              {
 212   4                                      speed--;        // 减速
 213   4                                      if(speed <= 1) speed = 1; // 最小速度限制
 214   4                              }
 215   3                              while(!s3);
 216   3                      }
 217   2      
 218   2                      // 速度加按键
 219   2                      if(s4 == 0)
 220   2                      {
 221   3                              delay(3);
 222   3                              if(s4 == 0)
 223   3                              {
 224   4                                      speed++;        // 加速
 225   4                                      if(speed >= 12) speed = 12; // 最大速度限制
 226   4                              }
 227   3                              while(!s4);
 228   3                      }
 229   2      
 230   2                      // 逐行刷新点阵显示
 231   2                      for(i=0;i<16;i++)
 232   2                      {         
 233   3                              P2 = i;  // 选择行（列译码？）
 234   3                              // 根据滚动方向选择数据表
 235   3                              if(fx == 0) writedata(tab[net+aa], tab[net+aa+1]);  // 左滚
 236   3                              if(fx == 1) writedata(tab1[net+aa], tab1[net+aa+1]); // 右滚
 237   3                              if(fx == 2) writedata(tab[net+aa], tab[net+aa+1]);  // 未使用
 238   3                              delay(3);  // 每行显示延时
 239   3                              writedata(0,0); // 清空数据，防止残影
 240   3                              aa += 2;         // 每次移动两字节
C51 COMPILER V9.60.7.0   16X16_ROLLSHOW_HANZI                                              03/08/2026 16:42:07 PAGE 5   

 241   3                              if(aa > 30) aa = 0; // 每行最多32字节，回到起点
 242   3                      }
 243   2              }
 244   1      }
 245          
 246          // 定时器0中断服务程序，每10ms触发一次
 247          void timer0() interrupt 1
 248          {
 249   1              TH0 = (65536-10000)/256;  // 重新装入初值
 250   1              TL0 = (65536-10000)%256;
 251   1              alt++;  // 定时计数
 252   1      
 253   1              // 根据滚动方向调整起点net
 254   1              if(fx == 0 || fx == 1)
 255   1              {
 256   2                      if(alt >= speed)  // 根据speed控制滚动速度
 257   2                      {
 258   3                              alt = 0;
 259   3                              if(fx == 0)  // 左滚
 260   3                              {
 261   4                                      net += 2;       
 262   4                                      if(net > zong) net = 0; // 循环回起点
 263   4                              }
 264   3                              if(fx == 1)  // 右滚
 265   3                              {
 266   4                                      net -= 2;
 267   4                                      if(net < 2) net = zong; // 循环回末尾
 268   4                              }
 269   3                      }
 270   2              }
 271   1      }


MODULE INFORMATION:   STATIC OVERLAYABLE
   CODE SIZE        =    451    ----
   CONSTANT SIZE    =   1088    ----
   XDATA SIZE       =   ----    ----
   PDATA SIZE       =   ----    ----
   DATA SIZE        =      8    ----
   IDATA SIZE       =   ----    ----
   BIT SIZE         =   ----    ----
END OF MODULE INFORMATION.


C51 COMPILATION COMPLETE.  0 WARNING(S),  0 ERROR(S)
