BL51 BANKED LINKER/LOCATER V6.22                                                        03/08/2025  10:34:56  PAGE 1


BL51 BANKED LINKER/LOCATER V6.22, INVOKED BY:
C:\KEIL\C51\BIN\BL51.EXE 0012.obj TO 0013 RAMSIZE (256)


INPUT MODULES INCLUDED:
  0012.obj (0012)


LINK MAP OF MODULE:  0013 (0012)


            TYPE    BASE      LENGTH    RELOCATION   SEGMENT NAME
            -----------------------------------------------------

            * * * * * * *   D A T A   M E M O R Y   * * * * * * *
            REG     0000H     0008H     ABSOLUTE     "REG BANK 0"

            * * * * * * *   C O D E   M E M O R Y   * * * * * * *
            CODE    0000H     0068H     ABSOLUTE     



SYMBOL TABLE OF MODULE:  0013 (0012)

  VALUE           TYPE          NAME
  ----------------------------------

  -------         MODULE        0012
  C:005BH         SYMBOL        DELAY
  C:005DH         SYMBOL        DELAY1
  C:005FH         SYMBOL        DELAY2
  C:0061H         SYMBOL        DELAY3
  C:0054H         SYMBOL        LOOP
  C:0050H         SYMBOL        MAIN
  D:0090H         SYMBOL        P1
  C:0000H         LINE#         2
  C:0050H         LINE#         6
  C:0052H         LINE#         7
  C:0054H         LINE#         9
  C:0056H         LINE#         10
  C:0058H         LINE#         11
  C:0059H         LINE#         12
  C:005BH         LINE#         15
  C:005DH         LINE#         17
  C:005FH         LINE#         19
  C:0061H         LINE#         21
  C:0063H         LINE#         22
  C:0065H         LINE#         23
  C:0067H         LINE#         24
  -------         ENDMOD        0012

Program Size: data=8.0 xdata=0 code=104
LINK/LOCATE RUN COMPLETE.  0 WARNING(S),  0 ERROR(S)
