BL51 BANKED LINKER/LOCATER V6.22                                                        03/15/2025  09:25:50  PAGE 1


BL51 BANKED LINKER/LOCATER V6.22, INVOKED BY:
C:\KEIL\C51\BIN\BL51.EXE 003.obj TO 002 RAMSIZE (256)


INPUT MODULES INCLUDED:
  003.obj (003)


LINK MAP OF MODULE:  002 (003)


            TYPE    BASE      LENGTH    RELOCATION   SEGMENT NAME
            -----------------------------------------------------

            * * * * * * *   D A T A   M E M O R Y   * * * * * * *
            REG     0000H     0008H     ABSOLUTE     "REG BANK 0"

            * * * * * * *   C O D E   M E M O R Y   * * * * * * *
            CODE    0000H     0044H     ABSOLUTE     



SYMBOL TABLE OF MODULE:  002 (003)

  VALUE           TYPE          NAME
  ----------------------------------

  -------         MODULE        003
  D:00E0H         SYMBOL        ACC
  D:00F0H         SYMBOL        B
  D:00A8H         SYMBOL        IE
  C:0027H         SYMBOL        INT0_ISR
  C:0041H         SYMBOL        INT1_ISR
  D:00B8H         SYMBOL        IP
  C:0016H         SYMBOL        MAIN
  D:0090H         SYMBOL        P1
  D:00D0H         SYMBOL        PSW
  D:0088H         SYMBOL        TCON
  C:0000H         LINE#         2
  C:0003H         LINE#         5
  C:0013H         LINE#         8
  C:0016H         LINE#         11
  C:0019H         LINE#         12
  C:001CH         LINE#         13
  C:001FH         LINE#         14
  C:0022H         LINE#         15
  C:0025H         LINE#         16
  C:0027H         LINE#         19
  C:0029H         LINE#         20
  C:002BH         LINE#         21
  C:002DH         LINE#         22
  C:002EH         LINE#         23
  C:0030H         LINE#         24
  C:0032H         LINE#         25
  C:0034H         LINE#         26
  C:0036H         LINE#         27
  C:0038H         LINE#         28
  C:003AH         LINE#         29
BL51 BANKED LINKER/LOCATER V6.22                                                      03/15/2025  09:25:50  PAGE 2


  C:003CH         LINE#         30
  C:003EH         LINE#         31
  C:0040H         LINE#         32
  C:0041H         LINE#         35
  C:0043H         LINE#         36
  -------         ENDMOD        003

Program Size: data=8.0 xdata=0 code=68
LINK/LOCATE RUN COMPLETE.  0 WARNING(S),  0 ERROR(S)
