BL51 BANKED LINKER/LOCATER V6.22                                                        03/15/2025  09:43:06  PAGE 1


BL51 BANKED LINKER/LOCATER V6.22, INVOKED BY:
C:\KEIL\C51\BIN\BL51.EXE 003.obj TO 003 RAMSIZE (256)


INPUT MODULES INCLUDED:
  003.obj (003)


LINK MAP OF MODULE:  003 (003)


            TYPE    BASE      LENGTH    RELOCATION   SEGMENT NAME
            -----------------------------------------------------

            * * * * * * *   D A T A   M E M O R Y   * * * * * * *
            REG     0000H     0008H     ABSOLUTE     "REG BANK 0"

            * * * * * * *   C O D E   M E M O R Y   * * * * * * *
            CODE    0000H     0050H     ABSOLUTE     



SYMBOL TABLE OF MODULE:  003 (003)

  VALUE           TYPE          NAME
  ----------------------------------

  -------         MODULE        003
  B:00A8H.7       SYMBOL        EA
  B:00A8H.0       SYMBOL        EX0
  B:00A8H.2       SYMBOL        EX1
  C:002AH         SYMBOL        EXT0_ISR
  C:0031H         SYMBOL        EXT1_ISR
  B:0088H.0       SYMBOL        IT0
  B:0088H.2       SYMBOL        IT1
  C:0028H         SYMBOL        MAIN_LOOP
  D:0090H         SYMBOL        P1
  B:00B8H.0       SYMBOL        PX0
  B:00B8H.2       SYMBOL        PX1
  C:0015H         SYMBOL        START
  C:0000H         LINE#         2
  C:0003H         LINE#         6
  C:0013H         LINE#         9
  C:0015H         LINE#         12
  C:0018H         LINE#         13
  C:001AH         LINE#         15
  C:001CH         LINE#         16
  C:001EH         LINE#         17
  C:0020H         LINE#         19
  C:0022H         LINE#         20
  C:0024H         LINE#         21
  C:0026H         LINE#         23
  C:0028H         LINE#         26
  C:002AH         LINE#         29
  C:002BH         LINE#         30
  C:002CH         LINE#         31
  C:002EH         LINE#         32
  C:0030H         LINE#         33
BL51 BANKED LINKER/LOCATER V6.22                                                      03/15/2025  09:43:06  PAGE 2


  C:0031H         LINE#         36
  C:0033H         LINE#         37
  -------         ENDMOD        003

Program Size: data=8.0 xdata=0 code=80
LINK/LOCATE RUN COMPLETE.  0 WARNING(S),  0 ERROR(S)
