BL51 BANKED LINKER/LOCATER V6.22                                                        03/22/2025  08:56:58  PAGE 1


BL51 BANKED LINKER/LOCATER V6.22, INVOKED BY:
C:\KEIL\C51\BIN\BL51.EXE 004.obj TO 0042


INPUT MODULES INCLUDED:
  004.obj (004)


LINK MAP OF MODULE:  0042 (004)


            TYPE    BASE      LENGTH    RELOCATION   SEGMENT NAME
            -----------------------------------------------------

            * * * * * * *   D A T A   M E M O R Y   * * * * * * *
            REG     0000H     0008H     ABSOLUTE     "REG BANK 0"

            * * * * * * *   C O D E   M E M O R Y   * * * * * * *
            CODE    0000H     0095H     ABSOLUTE     



SYMBOL TABLE OF MODULE:  0042 (004)

  VALUE           TYPE          NAME
  ----------------------------------

  -------         MODULE        004
  D:00E0H         SYMBOL        ACC
  B:00A8H.7       SYMBOL        EA
  B:00A8H.1       SYMBOL        ET0
  C:0090H         SYMBOL        LOP1
  C:006EH         SYMBOL        MAIN_LOOP
  D:0090H         SYMBOL        P1
  D:00B0H         SYMBOL        P3
  D:00D0H         SYMBOL        PSW
  C:0050H         SYMBOL        START
  D:008CH         SYMBOL        TH0
  D:008DH         SYMBOL        TH1
  C:0078H         SYMBOL        TIMER0_ISR
  C:0084H         SYMBOL        TIMER0_RET
  D:008AH         SYMBOL        TL0
  D:008BH         SYMBOL        TL1
  D:0089H         SYMBOL        TMOD
  B:0088H.4       SYMBOL        TR0
  B:0088H.6       SYMBOL        TR1
  C:0080H         SYMBOL        T_L1
  C:0000H         LINE#         2
  C:000BH         LINE#         5
  C:0050H         LINE#         10
  C:0053H         LINE#         11
  C:0055H         LINE#         13
  C:0058H         LINE#         14
  C:005BH         LINE#         15
  C:005EH         LINE#         16
  C:0061H         LINE#         17
  C:0064H         LINE#         18
  C:0066H         LINE#         20
BL51 BANKED LINKER/LOCATER V6.22                                                      03/22/2025  08:56:58  PAGE 2


  C:0068H         LINE#         21
  C:006AH         LINE#         22
  C:006CH         LINE#         23
  C:006EH         LINE#         27
  C:0070H         LINE#         28
  C:0072H         LINE#         29
  C:0074H         LINE#         31
  C:0076H         LINE#         32
  C:0078H         LINE#         35
  C:007AH         LINE#         36
  C:007CH         LINE#         38
  C:007DH         LINE#         39
  C:0080H         LINE#         42
  C:0082H         LINE#         43
  C:0084H         LINE#         47
  C:0087H         LINE#         48
  C:008AH         LINE#         49
  C:008CH         LINE#         50
  C:008EH         LINE#         51
  C:0090H         LINE#         52
  C:0092H         LINE#         53
  C:0094H         LINE#         54
  -------         ENDMOD        004

Program Size: data=8.0 xdata=0 code=149
LINK/LOCATE RUN COMPLETE.  0 WARNING(S),  0 ERROR(S)
