BL51 BANKED LINKER/LOCATER V6.22                                                        03/29/2025  09:22:22  PAGE 1


BL51 BANKED LINKER/LOCATER V6.22, INVOKED BY:
C:\KEIL\C51\BIN\BL51.EXE 005.obj TO 005 RAMSIZE (256)


INPUT MODULES INCLUDED:
  005.obj (005)


LINK MAP OF MODULE:  005 (005)


            TYPE    BASE      LENGTH    RELOCATION   SEGMENT NAME
            -----------------------------------------------------

            * * * * * * *   D A T A   M E M O R Y   * * * * * * *
            REG     0000H     0008H     ABSOLUTE     "REG BANK 0"

            * * * * * * *   C O D E   M E M O R Y   * * * * * * *
            CODE    0000H     0090H     ABSOLUTE     



SYMBOL TABLE OF MODULE:  005 (005)

  VALUE           TYPE          NAME
  ----------------------------------

  -------         MODULE        005
  C:005BH         SYMBOL        INIT_UART
  C:0055H         SYMBOL        LOP1
  C:0050H         SYMBOL        MAIN
  C:006EH         SYMBOL        RECEIVE_DATA
  C:0072H         SYMBOL        RECV_LOOP
  B:0098H.0       SYMBOL        RI
  D:0099H         SYMBOL        SBUF
  D:0098H         SYMBOL        SCON
  C:007EH         SYMBOL        SEND_ACK
  C:008AH         SYMBOL        SEND_BYTE
  D:0081H         SYMBOL        SP
  D:008DH         SYMBOL        TH1
  B:0098H.1       SYMBOL        TI
  D:008BH         SYMBOL        TL1
  D:0089H         SYMBOL        TMOD
  B:0088H.6       SYMBOL        TR1
  C:0000H         LINE#         2
  C:0050H         LINE#         5
  C:0053H         LINE#         6
  C:0055H         LINE#         7
  C:0057H         LINE#         8
  C:0059H         LINE#         9
  C:005BH         LINE#         12
  C:005EH         LINE#         13
  C:0061H         LINE#         14
  C:0064H         LINE#         15
  C:0066H         LINE#         17
  C:0069H         LINE#         18
  C:006BH         LINE#         19
  C:006DH         LINE#         20
BL51 BANKED LINKER/LOCATER V6.22                                                      03/29/2025  09:22:22  PAGE 2


  C:006EH         LINE#         23
  C:0070H         LINE#         24
  C:0072H         LINE#         27
  C:0075H         LINE#         28
  C:0077H         LINE#         29
  C:0079H         LINE#         30
  C:007AH         LINE#         31
  C:007BH         LINE#         32
  C:007DH         LINE#         33
  C:007EH         LINE#         36
  C:0080H         LINE#         37
  C:0082H         LINE#         38
  C:0084H         LINE#         40
  C:0086H         LINE#         41
  C:0088H         LINE#         42
  C:008AH         LINE#         45
  C:008DH         LINE#         46
  C:008FH         LINE#         47
  -------         ENDMOD        005

Program Size: data=8.0 xdata=0 code=144
LINK/LOCATE RUN COMPLETE.  0 WARNING(S),  0 ERROR(S)
