BL51 BANKED LINKER/LOCATER V6.22                                                        04/19/2025  09:43:09  PAGE 1


BL51 BANKED LINKER/LOCATER V6.22, INVOKED BY:
C:\KEIL\C51\BIN\BL51.EXE 007.obj TO 007


INPUT MODULES INCLUDED:
  007.obj (007)


LINK MAP OF MODULE:  007 (007)


            TYPE    BASE      LENGTH    RELOCATION   SEGMENT NAME
            -----------------------------------------------------

            * * * * * * *   D A T A   M E M O R Y   * * * * * * *
            REG     0000H     0008H     ABSOLUTE     "REG BANK 0"

            * * * * * * *   C O D E   M E M O R Y   * * * * * * *
            CODE    0000H     0102H     ABSOLUTE     



SYMBOL TABLE OF MODULE:  007 (007)

  VALUE           TYPE          NAME
  ----------------------------------

  -------         MODULE        007
  D:00F0H         SYMBOL        B
  C:0078H         SYMBOL        BCD
  B:00D0H.7       SYMBOL        CY
  C:00ACH         SYMBOL        DELAY
  C:0088H         SYMBOL        DISP
  B:00A8H.7       SYMBOL        EA
  D:00A8H         SYMBOL        IE
  C:00E0H         SYMBOL        INPUT
  C:00B9H         SYMBOL        IT0P
  C:00AEH         SYMBOL        L0
  C:00B0H         SYMBOL        L1
  C:0074H         SYMBOL        LOOP
  C:00CDH         SYMBOL        MINS
  B:00B8H.4       SYMBOL        PS
  C:00DFH         SYMBOL        RETURN
  B:0098H.0       SYMBOL        RI
  C:0078H         SYMBOL        RI0
  D:0099H         SYMBOL        SBUF
  D:0098H         SYMBOL        SCON
  C:00DEH         SYMBOL        SEND
  C:0050H         SYMBOL        START
  C:00A2H         SYMBOL        TAB
  D:008CH         SYMBOL        TH0
  D:008DH         SYMBOL        TH1
  D:008AH         SYMBOL        TL0
  D:008BH         SYMBOL        TL1
  D:0089H         SYMBOL        TMOD
  B:0088H.4       SYMBOL        TR0
  B:0088H.6       SYMBOL        TR1
  C:006CH         SYMBOL        WAIT_INPUT
BL51 BANKED LINKER/LOCATER V6.22                                                      04/19/2025  09:43:09  PAGE 2


  C:0000H         LINE#         2
  C:000BH         LINE#         4
  C:0023H         LINE#         6
  C:0050H         LINE#         11
  C:0051H         LINE#         12
  C:0053H         LINE#         13
  C:0056H         LINE#         14
  C:0059H         LINE#         15
  C:005CH         LINE#         16
  C:005FH         LINE#         17
  C:0062H         LINE#         18
  C:0065H         LINE#         19
  C:0067H         LINE#         20
  C:006AH         LINE#         22
  C:006CH         LINE#         25
  C:006EH         LINE#         26
  C:0070H         LINE#         27
  C:0072H         LINE#         29
  C:0074H         LINE#         32
  C:0076H         LINE#         33
  C:0078H         LINE#         38
  C:0079H         LINE#         39
  C:007AH         LINE#         40
  C:007DH         LINE#         41
  C:007EH         LINE#         42
  C:0081H         LINE#         43
  C:0082H         LINE#         44
  C:0085H         LINE#         45
  C:0088H         LINE#         48
  C:008AH         LINE#         49
  C:008DH         LINE#         50
  C:008EH         LINE#         51
  C:0091H         LINE#         52
  C:0092H         LINE#         53
  C:0093H         LINE#         54
  C:0096H         LINE#         55
  C:0097H         LINE#         56
  C:0098H         LINE#         57
  C:0099H         LINE#         58
  C:009CH         LINE#         59
  C:009DH         LINE#         60
  C:00A0H         LINE#         61
  C:00A1H         LINE#         62
  C:00ACH         LINE#         68
  C:00AEH         LINE#         70
  C:00B0H         LINE#         72
  C:00B2H         LINE#         73
  C:00B4H         LINE#         74
  C:00B6H         LINE#         75
  C:00B8H         LINE#         76
  C:00B9H         LINE#         79
  C:00BCH         LINE#         80
  C:00BFH         LINE#         81
  C:00C1H         LINE#         82
  C:00C3H         LINE#         83
  C:00C5H         LINE#         84
  C:00C8H         LINE#         85
BL51 BANKED LINKER/LOCATER V6.22                                                      04/19/2025  09:43:09  PAGE 3


  C:00C9H         LINE#         86
  C:00CBH         LINE#         87
  C:00CCH         LINE#         88
  C:00CDH         LINE#         90
  C:00D0H         LINE#         91
  C:00D1H         LINE#         92
  C:00D2H         LINE#         93
  C:00D3H         LINE#         94
  C:00D5H         LINE#         95
  C:00D6H         LINE#         96
  C:00D7H         LINE#         97
  C:00DAH         LINE#         98
  C:00DDH         LINE#         99
  C:00DEH         LINE#         101
  C:00DFH         LINE#         103
  C:00E0H         LINE#         106
  C:00E2H         LINE#         107
  C:00E4H         LINE#         109
  C:00E7H         LINE#         110
  C:00E9H         LINE#         111
  C:00ECH         LINE#         113
  C:00EFH         LINE#         114
  C:00F1H         LINE#         115
  C:00F4H         LINE#         117
  C:00F7H         LINE#         118
  C:00F9H         LINE#         119
  C:00FCH         LINE#         121
  C:00FFH         LINE#         122
  C:0101H         LINE#         123
  -------         ENDMOD        007

Program Size: data=8.0 xdata=0 code=258
LINK/LOCATE RUN COMPLETE.  0 WARNING(S),  0 ERROR(S)
