BL51 BANKED LINKER/LOCATER V6.22                                                        04/12/2025  10:53:16  PAGE 1


BL51 BANKED LINKER/LOCATER V6.22, INVOKED BY:
C:\KEIL\C51\BIN\BL51.EXE .\006.obj TO pg6


INPUT MODULES INCLUDED:
  .\006.obj (006)


LINK MAP OF MODULE:  pg6 (006)


            TYPE    BASE      LENGTH    RELOCATION   SEGMENT NAME
            -----------------------------------------------------

            * * * * * * *   D A T A   M E M O R Y   * * * * * * *
            REG     0000H     0008H     ABSOLUTE     "REG BANK 0"

            * * * * * * *   C O D E   M E M O R Y   * * * * * * *
            CODE    0000H     00BFH     ABSOLUTE     



SYMBOL TABLE OF MODULE:  pg6 (006)

  VALUE           TYPE          NAME
  ----------------------------------

  -------         MODULE        006
  D:00E0H         SYMBOL        ACC
  D:00F0H         SYMBOL        B
  C:008FH         SYMBOL        DIP1
  C:009EH         SYMBOL        DIP2
  C:0088H         SYMBOL        DISP
  C:005FH         SYMBOL        LOP
  C:0080H         SYMBOL        LOP2
  C:0062H         SYMBOL        LOP3
  C:0050H         SYMBOL        MAIN
  D:0090H         SYMBOL        P1
  C:00B4H         SYMBOL        TAB1
  C:007CH         SYMBOL        TT
  C:0000H         LINE#         2
  C:0050H         LINE#         4
  C:0053H         LINE#         5
  C:0056H         LINE#         6
  C:0059H         LINE#         7
  C:005CH         LINE#         8
  C:005FH         LINE#         9
  C:0062H         LINE#         10
  C:0065H         LINE#         11
  C:0066H         LINE#         12
  C:0068H         LINE#         13
  C:006BH         LINE#         14
  C:006CH         LINE#         15
  C:006FH         LINE#         16
  C:0070H         LINE#         17
  C:0073H         LINE#         18
  C:0076H         LINE#         19
  C:0077H         LINE#         20
BL51 BANKED LINKER/LOCATER V6.22                                                      04/12/2025  10:53:16  PAGE 2


  C:007AH         LINE#         21
  C:007CH         LINE#         23
  C:007EH         LINE#         24
  C:0080H         LINE#         26
  C:0082H         LINE#         27
  C:0085H         LINE#         28
  C:0086H         LINE#         29
  C:0088H         LINE#         30
  C:008BH         LINE#         31
  C:008DH         LINE#         32
  C:008FH         LINE#         33
  C:0092H         LINE#         34
  C:0093H         LINE#         35
  C:0094H         LINE#         36
  C:0095H         LINE#         37
  C:0098H         LINE#         38
  C:0099H         LINE#         39
  C:009CH         LINE#         40
  C:009EH         LINE#         41
  C:00A1H         LINE#         42
  C:00A2H         LINE#         43
  C:00A4H         LINE#         44
  C:00A7H         LINE#         45
  C:00A8H         LINE#         46
  C:00A9H         LINE#         47
  C:00ABH         LINE#         48
  C:00ADH         LINE#         49
  C:00B0H         LINE#         50
  C:00B1H         LINE#         51
  C:00B3H         LINE#         52
  -------         ENDMOD        006

Program Size: data=8.0 xdata=0 code=191
LINK/LOCATE RUN COMPLETE.  0 WARNING(S),  0 ERROR(S)
