BL51 BANKED LINKER/LOCATER V6.22                                                        07/14/2016  10:40:33  PAGE 1


BL51 BANKED LINKER/LOCATER V6.22, INVOKED BY:
BL51.EXE MAIN.OBJ TO .\RELEASE.OMF


MEMORY MODEL: SMALL


INPUT MODULES INCLUDED:
  MAIN.OBJ (MAIN)
  C:\KEIL\C51\LIB\C51S.LIB (?C_STARTUP)


LINK MAP OF MODULE:  .\RELEASE.OMF (MAIN)


            TYPE    BASE      LENGTH    RELOCATION   SEGMENT NAME
            -----------------------------------------------------

            * * * * * * *   D A T A   M E M O R Y   * * * * * * *
            REG     0000H     0008H     ABSOLUTE     "REG BANK 0"
            DATA    0008H     0003H     UNIT         ?DT?MAIN
            DATA    000BH     0001H     UNIT         _DATA_GROUP_
            IDATA   000CH     0001H     UNIT         ?STACK

            * * * * * * *   C O D E   M E M O R Y   * * * * * * *
            CODE    0000H     0003H     ABSOLUTE     
            CODE    0003H     0002H     ABSOLUTE     
            CODE    0005H     000DH     INBLOCK      ?PR?EXT1?MAIN
                    0012H     0001H                  *** GAP ***
            CODE    0013H     0002H     ABSOLUTE     
            CODE    0015H     000CH     UNIT         ?C_C51STARTUP
                    0021H     0002H                  *** GAP ***
            CODE    0023H     0002H     ABSOLUTE     
            CODE    0025H     0056H     INBLOCK      ?PR?SCAN?MAIN
            CODE    007BH     004BH     INBLOCK      ?PR?EXT0?MAIN
            CODE    00C6H     002BH     INBLOCK      ?PR?MAIN?MAIN
            CODE    00F1H     0019H     INBLOCK      ?PR?_DELAYMS?MAIN
            CODE    010AH     000BH     UNIT         ?CO?MAIN
            CODE    0115H     0006H     INBLOCK      ?PR?COM?MAIN



OVERLAY MAP OF MODULE:   .\RELEASE.OMF (MAIN)


SEGMENT                          DATA_GROUP 
  +--> CALLED SEGMENT          START    LENGTH
----------------------------------------------
?PR?EXT0?MAIN                  -----    -----
  +--> ?PR?SCAN?MAIN

?PR?SCAN?MAIN                  000BH    0001H
  +--> ?PR?_DELAYMS?MAIN

*** NEW ROOT ***************************************************

?C_C51STARTUP                  -----    -----
  +--> ?PR?MAIN?MAIN
BL51 BANKED LINKER/LOCATER V6.22                                                      07/14/2016  10:40:33  PAGE 2



?PR?MAIN?MAIN                  -----    -----
  +--> ?CO?MAIN

Program Size: data=13.0 xdata=0 code=280
LINK/LOCATE RUN COMPLETE.  0 WARNING(S),  0 ERROR(S)
