BL51 BANKED LINKER/LOCATER V6.22                                                        01/04/2018  17:00:24  PAGE 1


BL51 BANKED LINKER/LOCATER V6.22, INVOKED BY:
BL51.EXE MAIN.OBJ TO DEBUG.OMF


MEMORY MODEL: SMALL


INPUT MODULES INCLUDED:
  MAIN.OBJ (MAIN)
  ..\..\..\..\..\..\..\..\KEIL\C51\LIB\C51S.LIB (?C_STARTUP)
  ..\..\..\..\..\..\..\..\KEIL\C51\LIB\C51S.LIB (?C_INIT)


LINK MAP OF MODULE:  DEBUG.OMF (MAIN)


            TYPE    BASE      LENGTH    RELOCATION   SEGMENT NAME
            -----------------------------------------------------

            * * * * * * *   D A T A   M E M O R Y   * * * * * * *
            REG     0000H     0008H     ABSOLUTE     "REG BANK 0"
            DATA    0008H     0003H     UNIT         ?DT?MAIN
            IDATA   000BH     0001H     UNIT         ?STACK

            * * * * * * *   C O D E   M E M O R Y   * * * * * * *
            CODE    0000H     0003H     ABSOLUTE     
            CODE    0003H     0002H     ABSOLUTE     
                    0005H     0006H                  *** GAP ***
            CODE    000BH     0002H     ABSOLUTE     
            CODE    000DH     008CH     UNIT         ?C_C51STARTUP
            CODE    0099H     0039H     INBLOCK      ?PR?MAIN?MAIN
            CODE    00D2H     0025H     INBLOCK      ?PR?OUTSIDE_INT0?MAIN
            CODE    00F7H     0019H     INBLOCK      ?PR?_DELAYMS?MAIN
            CODE    0110H     0014H     UNIT         ?CO?MAIN
            CODE    0124H     0012H     INBLOCK      ?PR?TIME0_INT?MAIN
            CODE    0136H     0010H     INBLOCK      ?PR?TIME0_INIT?MAIN
            CODE    0146H     000AH     UNIT         ?C_INITSEG
            CODE    0150H     0007H     INBLOCK      ?PR?OUTSIDE_INIT0?MAIN



OVERLAY MAP OF MODULE:   DEBUG.OMF (MAIN)


SEGMENT
  +--> CALLED SEGMENT
---------------------
?C_C51STARTUP
  +--> ?PR?MAIN?MAIN
  +--> ?C_INITSEG

?PR?MAIN?MAIN
  +--> ?PR?TIME0_INIT?MAIN
  +--> ?PR?OUTSIDE_INIT0?MAIN
  +--> ?CO?MAIN
  +--> ?PR?_DELAYMS?MAIN


BL51 BANKED LINKER/LOCATER V6.22                                                      01/04/2018  17:00:24  PAGE 2



SYMBOL TABLE OF MODULE:  DEBUG.OMF (MAIN)

  VALUE           TYPE          NAME
  ----------------------------------

  -------         MODULE        MAIN
  C:0000H         SYMBOL        _ICE_DUMMY_
  D:0080H         PUBLIC        P0
  D:0090H         PUBLIC        P1
  D:00A0H         PUBLIC        P2
  B:00A8H.7       PUBLIC        EA
  C:0150H         PUBLIC        Outside_Init0
  B:0090H.0       PUBLIC        KEY1
  B:0090H.1       PUBLIC        KEY2
  B:0090H.2       PUBLIC        KEY3
  C:00D2H         PUBLIC        Outside_Int0
  C:011AH         PUBLIC        tableYA
  C:0099H         PUBLIC        main
  D:0009H         PUBLIC        count
  C:0110H         PUBLIC        tableYI
  D:0089H         PUBLIC        TMOD
  C:0136H         PUBLIC        Time0_Init
  B:0090H.4       PUBLIC        SUOC
  B:00A8H.1       PUBLIC        ET0
  D:008CH         PUBLIC        TH0
  B:00A8H.0       PUBLIC        EX0
  B:0088H.0       PUBLIC        IT0
  C:0124H         PUBLIC        Time0_Int
  D:008AH         PUBLIC        TL0
  B:0088H.4       PUBLIC        TR0
  B:00B8H.0       PUBLIC        PX0
  D:000AH         PUBLIC        count1
  C:00F7H         PUBLIC        _delayms
  -------         PROC          TIME0_INIT
  C:0136H         LINE#         25
  C:0136H         LINE#         26
  C:0136H         LINE#         27
  C:0139H         LINE#         28
  C:013CH         LINE#         29
  C:013FH         LINE#         30
  C:0141H         LINE#         31
  C:0143H         LINE#         32
  C:0145H         LINE#         33
  -------         ENDPROC       TIME0_INIT
  -------         PROC          OUTSIDE_INIT0
  C:0150H         LINE#         40
  C:0150H         LINE#         41
  C:0150H         LINE#         42
  C:0152H         LINE#         44
  C:0154H         LINE#         45
  C:0156H         LINE#         46
  -------         ENDPROC       OUTSIDE_INIT0
  -------         PROC          _DELAYMS
  D:0006H         SYMBOL        j
  -------         DO            
  D:0005H         SYMBOL        i
BL51 BANKED LINKER/LOCATER V6.22                                                      01/04/2018  17:00:24  PAGE 3


  -------         ENDDO         
  C:00F7H         LINE#         48
  C:00F7H         LINE#         49
  C:00F7H         LINE#         51
  C:0100H         LINE#         52
  C:0100H         LINE#         53
  C:0102H         LINE#         54
  C:0104H         LINE#         55
  C:0106H         LINE#         56
  C:0108H         LINE#         57
  C:010FH         LINE#         58
  -------         ENDPROC       _DELAYMS
  -------         PROC          MAIN
  C:0099H         LINE#         60
  C:0099H         LINE#         61
  C:0099H         LINE#         62
  C:009BH         LINE#         63
  C:009DH         LINE#         64
  C:009FH         LINE#         65
  C:00A1H         LINE#         66
  C:00A1H         LINE#         67
  C:00A1H         LINE#         68
  C:00ADH         LINE#         69
  C:00B0H         LINE#         70
  C:00B6H         LINE#         71
  C:00B9H         LINE#         72
  C:00C4H         LINE#         73
  C:00C7H         LINE#         74
  C:00CDH         LINE#         75
  C:00D0H         LINE#         76
  -------         ENDPROC       MAIN
  -------         PROC          OUTSIDE_INT0
  C:00D2H         LINE#         79
  C:00D2H         LINE#         81
  C:00D4H         LINE#         82
  C:00D6H         LINE#         83
  C:00DCH         LINE#         84
  C:00DEH         LINE#         85
  C:00E1H         LINE#         86
  C:00E5H         LINE#         87
  C:00E8H         LINE#         88
  C:00ECH         LINE#         89
  C:00EFH         LINE#         90
  C:00F3H         LINE#         92
  C:00F6H         LINE#         94
  -------         ENDPROC       OUTSIDE_INT0
  -------         PROC          TIME0_INT
  -------         DO            
  D:0008H         SYMBOL        a
  -------         ENDDO         
  C:0124H         LINE#         96
  C:0124H         LINE#         99
  C:0127H         LINE#         100
  C:012AH         LINE#         101
  C:012DH         LINE#         102
  C:012DH         LINE#         103
  C:012DH         LINE#         104
BL51 BANKED LINKER/LOCATER V6.22                                                      01/04/2018  17:00:24  PAGE 4


  C:0130H         LINE#         105
  C:0133H         LINE#         106
  C:0133H         LINE#         107
  C:0133H         LINE#         108
  C:0135H         LINE#         109
  C:0135H         LINE#         110
  C:0135H         LINE#         111
  -------         ENDPROC       TIME0_INT
  -------         ENDMOD        MAIN

Program Size: data=12.0 xdata=0 code=337
LINK/LOCATE RUN COMPLETE.  0 WARNING(S),  0 ERROR(S)
