BL51 BANKED LINKER/LOCATER V6.22                                                        02/26/2016  09:38:43  PAGE 1


BL51 BANKED LINKER/LOCATER V6.22, INVOKED BY:
BL51.EXE MAIN.OBJ TO .\RELEASE.OMF


MEMORY MODEL: SMALL


INPUT MODULES INCLUDED:
  MAIN.OBJ (MAIN)
  C:\KEIL\C51\LIB\C51S.LIB (?C_STARTUP)


LINK MAP OF MODULE:  .\RELEASE.OMF (MAIN)


            TYPE    BASE      LENGTH    RELOCATION   SEGMENT NAME
            -----------------------------------------------------

            * * * * * * *   D A T A   M E M O R Y   * * * * * * *
            REG     0000H     0008H     ABSOLUTE     "REG BANK 0"
            DATA    0008H     0001H     UNIT         _DATA_GROUP_
            IDATA   0009H     0001H     UNIT         ?STACK

            * * * * * * *   C O D E   M E M O R Y   * * * * * * *
            CODE    0000H     0003H     ABSOLUTE     
            CODE    0003H     0031H     INBLOCK      ?PR?MAIN?MAIN
            CODE    0034H     0026H     INBLOCK      ?PR?_DELAYMS?MAIN
            CODE    005AH     000CH     UNIT         ?C_C51STARTUP
            CODE    0066H     0008H     UNIT         ?CO?MAIN



OVERLAY MAP OF MODULE:   .\RELEASE.OMF (MAIN)


SEGMENT                          DATA_GROUP 
  +--> CALLED SEGMENT          START    LENGTH
----------------------------------------------
?C_C51STARTUP                  -----    -----
  +--> ?PR?MAIN?MAIN

?PR?MAIN?MAIN                  0008H    0001H
  +--> ?PR?_DELAYMS?MAIN

?PR?_DELAYMS?MAIN              -----    -----
  +--> ?CO?MAIN

Program Size: data=10.0 xdata=0 code=110
LINK/LOCATE RUN COMPLETE.  0 WARNING(S),  0 ERROR(S)
