BL51 BANKED LINKER/LOCATER V6.20                                                        03/04/2018  11:07:54  PAGE 1


BL51 BANKED LINKER/LOCATER V6.20, INVOKED BY:
BL51.EXE MAIN.OBJ TO .\RELEASE.OMF


MEMORY MODEL: SMALL


INPUT MODULES INCLUDED:
  MAIN.OBJ (MAIN)
  ..\..\..\..\..\..\..\..\..\KEIL\C51\LIB\C51S.LIB (?C_STARTUP)


LINK MAP OF MODULE:  .\RELEASE.OMF (MAIN)


            TYPE    BASE      LENGTH    RELOCATION   SEGMENT NAME
            -----------------------------------------------------

            * * * * * * *   D A T A   M E M O R Y   * * * * * * *
            REG     0000H     0008H     ABSOLUTE     "REG BANK 0"
            DATA    0008H     0002H     UNIT         _DATA_GROUP_
            IDATA   000AH     0001H     UNIT         ?STACK

            * * * * * * *   C O D E   M E M O R Y   * * * * * * *
            CODE    0000H     0003H     ABSOLUTE     
            CODE    0003H     002BH     INBLOCK      ?PR?MAIN?MAIN
            CODE    002EH     0024H     INBLOCK      ?PR?_PROC_KEY?MAIN
            CODE    0052H     0012H     INBLOCK      ?PR?_DELAYMS?MAIN
            CODE    0064H     000EH     INBLOCK      ?PR?SCAN_KEY?MAIN
            CODE    0072H     000CH     UNIT         ?C_C51STARTUP



OVERLAY MAP OF MODULE:   .\RELEASE.OMF (MAIN)


SEGMENT                          DATA_GROUP 
  +--> CALLED SEGMENT          START    LENGTH
----------------------------------------------
?C_C51STARTUP                  -----    -----
  +--> ?PR?MAIN?MAIN

?PR?MAIN?MAIN                  0008H    0002H
  +--> ?PR?_DELAYMS?MAIN
  +--> ?PR?SCAN_KEY?MAIN
  +--> ?PR?_PROC_KEY?MAIN

Program Size: data=11.0 xdata=0 code=126
LINK/LOCATE RUN COMPLETE.  0 WARNING(S),  0 ERROR(S)
