BL51 BANKED LINKER/LOCATER V6.22                                                        04/17/2018  06:38:54  PAGE 1


BL51 BANKED LINKER/LOCATER V6.22, INVOKED BY:
BL51.EXE MAIN.OBJ TO DEBUG.OMF


MEMORY MODEL: SMALL


INPUT MODULES INCLUDED:
  MAIN.OBJ (MAIN)
  C:\KEIL\C51\LIB\C51S.LIB (?C_STARTUP)
  C:\KEIL\C51\LIB\C51S.LIB (?C_INIT)


LINK MAP OF MODULE:  DEBUG.OMF (MAIN)


            TYPE    BASE      LENGTH    RELOCATION   SEGMENT NAME
            -----------------------------------------------------

            * * * * * * *   D A T A   M E M O R Y   * * * * * * *
            REG     0000H     0008H     ABSOLUTE     "REG BANK 0"
            DATA    0008H     0002H     UNIT         ?DT?MAIN
            IDATA   000AH     0001H     UNIT         ?STACK

            * * * * * * *   C O D E   M E M O R Y   * * * * * * *
            CODE    0000H     0003H     ABSOLUTE     
            CODE    0003H     0005H     UNIT         ?C_INITSEG
                    0008H     0003H                  *** GAP ***
            CODE    000BH     0002H     ABSOLUTE     
            CODE    000DH     008CH     UNIT         ?C_C51STARTUP
            CODE    0099H     0027H     INBLOCK      ?PR?TIME0_INT?MAIN
            CODE    00C0H     0010H     INBLOCK      ?PR?TIME0_INIT?MAIN
            CODE    00D0H     0004H     INBLOCK      ?PR?MAIN?MAIN



OVERLAY MAP OF MODULE:   DEBUG.OMF (MAIN)


SEGMENT
  +--> CALLED SEGMENT
---------------------
?C_C51STARTUP
  +--> ?PR?MAIN?MAIN
  +--> ?C_INITSEG

?PR?MAIN?MAIN
  +--> ?PR?TIME0_INIT?MAIN



SYMBOL TABLE OF MODULE:  DEBUG.OMF (MAIN)

  VALUE           TYPE          NAME
  ----------------------------------

  -------         MODULE        MAIN
  C:0000H         SYMBOL        _ICE_DUMMY_
BL51 BANKED LINKER/LOCATER V6.22                                                      04/17/2018  06:38:54  PAGE 2


  D:00A0H         PUBLIC        P2
  B:00A8H.7       PUBLIC        EA
  C:00D0H         PUBLIC        main
  D:0008H         PUBLIC        count
  D:0089H         PUBLIC        TMOD
  B:00A0H.0       PUBLIC        led
  C:00C0H         PUBLIC        Time0_Init
  B:00A8H.1       PUBLIC        ET0
  D:008CH         PUBLIC        TH0
  C:0099H         PUBLIC        Time0_Int
  D:008AH         PUBLIC        TL0
  B:0088H.4       PUBLIC        TR0
  -------         PROC          TIME0_INIT
  C:00C0H         LINE#         16
  C:00C0H         LINE#         17
  C:00C0H         LINE#         18
  C:00C3H         LINE#         20
  C:00C6H         LINE#         21
  C:00C9H         LINE#         23
  C:00CBH         LINE#         24
  C:00CDH         LINE#         25
  C:00CFH         LINE#         26
  -------         ENDPROC       TIME0_INIT
  -------         PROC          MAIN
  C:00D0H         LINE#         28
  C:00D0H         LINE#         29
  C:00D0H         LINE#         30
  C:00D2H         LINE#         31
  -------         ENDPROC       MAIN
  -------         PROC          TIME0_INT
  C:0099H         LINE#         34
  C:009DH         LINE#         36
  C:00A0H         LINE#         37
  C:00A3H         LINE#         38
  C:00ABH         LINE#         39
  C:00B3H         LINE#         40
  C:00B3H         LINE#         41
  C:00B9H         LINE#         42
  C:00BBH         LINE#         43
  C:00BBH         LINE#         44
  -------         ENDPROC       TIME0_INT
  -------         ENDMOD        MAIN

Program Size: data=11.0 xdata=0 code=209
LINK/LOCATE RUN COMPLETE.  0 WARNING(S),  0 ERROR(S)
